Timestamp        S0C    S1C    S0U    S1U      EC       EU        OC         OU       PC     PU    YGC     YGCT    FGC    FGCT     GCT   
        22288.3 419392.0 419392.0  0.0   245809.6 3355520.0 3347868.7 4194304.0  2292153.0  774144.0 379818.8    199  158.691   6     17.310  176.001
        22303.4 419392.0 419392.0 245007.5  0.0   3355520.0 259344.6 4194304.0  2328471.3  774144.0 379818.8    200  159.438   6     17.310  176.748
        22318.4 419392.0 419392.0 245007.5  0.0   3355520.0 526881.2 4194304.0  2328471.3  774144.0 379830.4    200  159.438   6     17.310  176.748
        22333.5 419392.0 419392.0 245007.5  0.0   3355520.0 1137218.4 4194304.0  2328471.3  774144.0 379831.2    200  159.438   6     17.310  176.748
        22348.5 419392.0 419392.0 245007.5  0.0   3355520.0 1365428.8 4194304.0  2328471.3  774144.0 379831.9    200  159.438   6     17.310  176.748
        22363.5 419392.0 419392.0 245007.5  0.0   3355520.0 1633829.5 4194304.0  2328471.3  774144.0 379841.5    200  159.438   6     17.310  176.748
        22378.5 419392.0 419392.0 245007.5  0.0   3355520.0 1924586.5 4194304.0  2328471.3  774144.0 379842.6    200  159.438   6     17.310  176.748
        22393.5 419392.0 419392.0 245007.5  0.0   3355520.0 2274018.7 4194304.0  2328471.3  774144.0 379904.2    200  159.438   6     17.310  176.748
        22408.5 419392.0 419392.0 245007.5  0.0   3355520.0 2853436.9 4194304.0  2328471.3  774144.0 379913.3    200  159.438   6     17.310  176.748
        22423.5 419392.0 419392.0 245007.5 103811.2 3355520.0 3355520.0 4194304.0  2369298.5  774144.0 379915.7    201  159.438   6     17.310  176.748
        22438.5 419392.0 419392.0  0.0   219242.6 3355520.0 351158.0 4194304.0  2378689.0  774144.0 379916.2    201  160.218   6     17.310  177.528
        22453.5 419392.0 419392.0  0.0   219242.6 3355520.0 1247853.5 4194304.0  2378689.0  774144.0 379950.4    201  160.218   6     17.310  177.528
        22468.5 419392.0 419392.0  0.0   219242.6 3355520.0 1777290.0 4194304.0  2378689.0  774144.0 379957.0    201  160.218   6     17.310  177.528
        22483.5 419392.0 419392.0  0.0   219242.6 3355520.0 2272239.8 4194304.0  2378689.0  774144.0 379957.9    201  160.218   6     17.310  177.528
        22498.5 419392.0 419392.0  0.0   219242.6 3355520.0 3113171.2 4194304.0  2378689.0  774144.0 379959.2    201  160.218   6     17.310  177.528
        22513.5 419392.0 419392.0 236988.2  0.0   3355520.0 221798.4 4194304.0  2420018.7  774144.0 379960.2    202  161.005   6     17.310  178.315
        22528.5 419392.0 419392.0 236988.2  0.0   3355520.0 826715.6 4194304.0  2420018.7  774144.0 379963.9    202  161.005   6     17.310  178.315
        22543.5 419392.0 419392.0 236988.2  0.0   3355520.0 1624479.6 4194304.0  2420018.7  774144.0 379966.7    202  161.005   6     17.310  178.315
        22558.5 419392.0 419392.0 236988.2  0.0   3355520.0 2145792.6 4194304.0  2420018.7  774144.0 379971.7    202  161.005   6     17.310  178.315
        22573.5 419392.0 419392.0 236988.2  0.0   3355520.0 2514038.8 4194304.0  2420018.7  774144.0 379982.9    202  161.005   6     17.310  178.315
        22588.5 419392.0 419392.0 236988.2  0.0   3355520.0 3013836.1 4194304.0  2420018.7  774144.0 380124.0    202  161.005   6     17.310  178.315
        22603.6 419392.0 419392.0  0.0   223076.2 3355520.0 627929.2 4194304.0  2471287.7  774144.0 380170.6    203  161.808   6     17.310  179.118
        22618.6 419392.0 419392.0  0.0   223076.2 3355520.0 1134548.5 4194304.0  2471287.7  774144.0 380180.7    203  161.808   6     17.310  179.118
        22633.6 419392.0 419392.0  0.0   223076.2 3355520.0 1531019.2 4194304.0  2471287.7  774144.0 380209.5    203  161.808   6     17.310  179.118
        22648.6 419392.0 419392.0  0.0   223076.2 3355520.0 1899644.0 4194304.0  2471287.7  774144.0 380229.2    203  161.808   6     17.310  179.118
        22663.6 419392.0 419392.0  0.0   223076.2 3355520.0 2087893.4 4194304.0  2471287.7  774144.0 380303.2    203  161.808   6     17.310  179.118
        22678.6 419392.0 419392.0  0.0   223076.2 3355520.0 2299119.5 4194304.0  2471287.7  774144.0 380306.9    203  161.808   6     17.310  179.118
        22693.6 419392.0 419392.0  0.0   223076.2 3355520.0 2465676.1 4194304.0  2471287.7  774144.0 380309.1    203  161.808   6     17.310  179.118
        22708.6 419392.0 419392.0  0.0   223076.2 3355520.0 2956540.8 4194304.0  2471287.7  774144.0 380309.8    203  161.808   6     17.310  179.118
        22723.6 419392.0 419392.0 223921.8  0.0   3355520.0 177675.7 4194304.0  2497295.7  774144.0 380310.1    204  162.530   6     17.310  179.840
        22738.6 419392.0 419392.0 223921.8  0.0   3355520.0 296086.7 4194304.0  2497295.7  774144.0 380310.3    204  162.530   6     17.310  179.840
        22753.6 419392.0 419392.0 223921.8  0.0   3355520.0 423876.9 4194304.0  2497295.7  774144.0 380310.3    204  162.530   6     17.310  179.840
        22768.6 419392.0 419392.0 223921.8  0.0   3355520.0 554615.7 4194304.0  2497295.7  774144.0 380310.3    204  162.530   6     17.310  179.840
        22783.6 419392.0 419392.0 223921.8  0.0   3355520.0 966764.4 4194304.0  2497295.7  774144.0 380311.4    204  162.530   6     17.310  179.840
        22798.6 419392.0 419392.0 223921.8  0.0   3355520.0 1811455.4 4194304.0  2497295.7  774144.0 380312.5    204  162.530   6     17.310  179.840
        22813.6 419392.0 419392.0 223921.8  0.0   3355520.0 2472191.6 4194304.0  2497295.7  774144.0 380312.9    204  162.530   6     17.310  179.840
        22828.6 419392.0 419392.0 223921.8  0.0   3355520.0 3227246.6 4194304.0  2497295.7  774144.0 380336.3    204  162.530   6     17.310  179.840
        22843.7 419392.0 419392.0  0.0   209162.4 3355520.0 539115.1 4194304.0  2537269.8  774144.0 380337.9    205  163.207   7     18.764  181.971
        22858.7 419392.0 419392.0  0.0   209162.4 3355520.0 952630.8 4194304.0  1836310.8  774144.0 380343.3    205  163.207   8     22.696  185.903
        22873.7 419392.0 419392.0  0.0   209162.4 3355520.0 1410886.6 4194304.0   837215.0  774144.0 379292.1    205  163.207   8     22.696  185.903
        22888.7 419392.0 419392.0  0.0   209162.4 3355520.0 1772521.5 4194304.0   837215.0  774144.0 379293.2    205  163.207   8     22.696  185.903
        22903.7 419392.0 419392.0  0.0   209162.4 3355520.0 1934297.3 4194304.0   837215.0  774144.0 379300.2    205  163.207   8     22.696  185.903
        22918.7 419392.0 419392.0  0.0   209162.4 3355520.0 2218918.6 4194304.0   837215.0  774144.0 379300.9    205  163.207   8     22.696  185.903
        22933.7 419392.0 419392.0  0.0   209162.4 3355520.0 2573594.0 4194304.0   837215.0  774144.0 379307.9    205  163.207   8     22.696  185.903
        22948.7 419392.0 419392.0  0.0   209162.4 3355520.0 2958597.6 4194304.0   837215.0  774144.0 379355.5    205  163.207   8     22.696  185.903
        22963.7 419392.0 419392.0 210706.7  0.0   3355520.0 52009.7  4194304.0   875216.7  774144.0 379372.3    206  163.933   8     22.696  186.629
        22978.7 419392.0 419392.0 210706.7  0.0   3355520.0 141370.8 4194304.0   875216.7  774144.0 379374.1    206  163.933   8     22.696  186.629
        22993.7 419392.0 419392.0 210706.7  0.0   3355520.0 460711.5 4194304.0   875216.7  774144.0 379375.3    206  163.933   8     22.696  186.629
        23008.7 419392.0 419392.0 210706.7  0.0   3355520.0 800830.4 4194304.0   875216.7  774144.0 379378.0    206  163.933   8     22.696  186.629
        23023.7 419392.0 419392.0 210706.7  0.0   3355520.0 1593643.6 4194304.0   875216.7  774144.0 379381.7    206  163.933   8     22.696  186.629
        23038.7 419392.0 419392.0 210706.7  0.0   3355520.0 2118408.8 4194304.0   875216.7  774144.0 379433.6    206  163.933   8     22.696  186.629
        23053.8 419392.0 419392.0 210706.7  0.0   3355520.0 2629540.6 4194304.0   875216.7  774144.0 379442.9    206  163.933   8     22.696  186.629
        23068.8 419392.0 419392.0 210706.7  0.0   3355520.0 2883095.4 4194304.0   875216.7  774144.0 379446.8    206  163.933   8     22.696  186.629
        23083.8 419392.0 419392.0  0.0   215528.0 3355520.0 224242.2 4194304.0   915295.0  774144.0 379448.7    207  164.703   8     22.696  187.400
        23098.8 419392.0 419392.0  0.0   215528.0 3355520.0 818931.7 4194304.0   915295.0  774144.0 379453.9    207  164.703   8     22.696  187.400
        23113.8 419392.0 419392.0  0.0   215528.0 3355520.0 1147833.2 4194304.0   915295.0  774144.0 379454.4    207  164.703   8     22.696  187.400
        23128.8 419392.0 419392.0  0.0   215528.0 3355520.0 1697071.6 4194304.0   915295.0  774144.0 379477.2    207  164.703   8     22.696  187.400
        23143.8 419392.0 419392.0  0.0   215528.0 3355520.0 2299398.9 4194304.0   915295.0  774144.0 379482.9    207  164.703   8     22.696  187.400
        23158.8 419392.0 419392.0  0.0   215528.0 3355520.0 2792187.7 4194304.0   915295.0  774144.0 379485.3    207  164.703   8     22.696  187.400
        23173.8 419392.0 419392.0  0.0   215528.0 3355520.0 2938904.1 4194304.0   915295.0  774144.0 379486.2    207  164.703   8     22.696  187.400
        23188.8 419392.0 419392.0  0.0   215528.0 3355520.0 3023123.6 4194304.0   915295.0  774144.0 379498.7    207  164.703   8     22.696  187.400
        23203.8 419392.0 419392.0  0.0   215528.0 3355520.0 3084659.6 4194304.0   915295.0  774144.0 379501.9    207  164.703   8     22.696  187.400
        23218.8 419392.0 419392.0  0.0   215528.0 3355520.0 3163454.1 4194304.0   915295.0  774144.0 379502.2    207  164.703   8     22.696  187.400
        23233.8 419392.0 419392.0 221666.4  0.0   3355520.0 296076.5 4194304.0   943765.0  774144.0 379506.6    208  165.516   8     22.696  188.212
        23248.8 419392.0 419392.0 221666.4  0.0   3355520.0 702291.1 4194304.0   943765.0  774144.0 379508.2    208  165.516   8     22.696  188.212
        23263.8 419392.0 419392.0 221666.4  0.0   3355520.0 1483885.4 4194304.0   943765.0  774144.0 379510.1    208  165.516   8     22.696  188.212
        23278.8 419392.0 419392.0 221666.4  0.0   3355520.0 2345532.3 4194304.0   943765.0  774144.0 379607.6    208  165.516   8     22.696  188.212
        23293.8 419392.0 419392.0 221666.4  0.0   3355520.0 2992603.1 4194304.0   943765.0  774144.0 379647.0    208  165.516   8     22.696  188.212
        23308.8 419392.0 419392.0  0.0   254243.5 3355520.0 968378.9 4194304.0   970075.8  774144.0 379677.2    209  166.456   8     22.696  189.153
        23323.8 419392.0 419392.0  0.0   254243.5 3355520.0 2178401.7 4194304.0   970075.8  774144.0 379680.2    209  166.456   8     22.696  189.153
        23338.8 419392.0 419392.0  0.0   254243.5 3355520.0 3263733.1 4194304.0   970075.8  774144.0 379693.5    209  166.456   8     22.696  189.153
        23353.8 419392.0 419392.0 237167.8  0.0   3355520.0 512981.7 4194304.0  1026308.1  774144.0 379765.1    210  167.378   8     22.696  190.074
        23368.8 419392.0 419392.0 237167.8  0.0   3355520.0 972839.0 4194304.0  1026308.1  774144.0 379838.4    210  167.378   8     22.696  190.074
        23383.8 419392.0 419392.0 237167.8  0.0   3355520.0 1373506.7 4194304.0  1026308.1  774144.0 379996.0    210  167.378   8     22.696  190.074
        23398.8 419392.0 419392.0 237167.8  0.0   3355520.0 2003005.1 4194304.0  1026308.1  774144.0 380000.6    210  167.378   8     22.696  190.074
        23413.8 419392.0 419392.0 237167.8  0.0   3355520.0 2560034.5 4194304.0  1026308.1  774144.0 380001.3    210  167.378   8     22.696  190.074
        23428.8 419392.0 419392.0 237167.8  0.0   3355520.0 2872070.2 4194304.0  1026308.1  774144.0 380022.4    210  167.378   8     22.696  190.074
        23443.9 419392.0 419392.0 237167.8  0.0   3355520.0 3352809.3 4194304.0  1026308.1  774144.0 380023.1    210  167.378   8     22.696  190.074
        23458.9 419392.0 419392.0  0.0   231219.9 3355520.0 568441.5 4194304.0  1057724.5  774144.0 380093.1    211  168.066   8     22.696  190.762
        23473.9 419392.0 419392.0  0.0   231219.9 3355520.0 1014776.5 4194304.0  1057724.5  774144.0 380099.2    211  168.066   8     22.696  190.762
        23488.9 419392.0 419392.0  0.0   231219.9 3355520.0 1466233.5 4194304.0  1057724.5  774144.0 380099.4    211  168.066   8     22.696  190.762
        23503.9 419392.0 419392.0  0.0   231219.9 3355520.0 1713845.4 4194304.0  1057724.5  774144.0 380099.4    211  168.066   8     22.696  190.762
        23518.9 419392.0 419392.0  0.0   231219.9 3355520.0 2335140.2 4194304.0  1057724.5  774144.0 380105.2    211  168.066   8     22.696  190.762
        23533.9 419392.0 419392.0  0.0   231219.9 3355520.0 2973662.9 4194304.0  1057724.5  774144.0 380137.5    211  168.066   8     22.696  190.762
        23548.9 419392.0 419392.0 210648.3  0.0   3355520.0 166845.3 4194304.0  1100699.3  774144.0 380148.0    212  168.736   8     22.696  191.432
        23563.9 419392.0 419392.0 210648.3  0.0   3355520.0 804423.1 4194304.0  1100699.3  774144.0 380149.4    212  168.736   8     22.696  191.432
        23578.9 419392.0 419392.0 210648.3  0.0   3355520.0 1294895.2 4194304.0  1100699.3  774144.0 380156.7    212  168.736   8     22.696  191.432
        23593.9 419392.0 419392.0 210648.3  0.0   3355520.0 1694895.7 4194304.0  1100699.3  774144.0 380176.2    212  168.736   8     22.696  191.432
        23608.9 419392.0 419392.0 210648.3  0.0   3355520.0 2147312.3 4194304.0  1100699.3  774144.0 380176.4    212  168.736   8     22.696  191.432
        23623.9 419392.0 419392.0 210648.3  0.0   3355520.0 2616701.7 4194304.0  1100699.3  774144.0 380177.9    212  168.736   8     22.696  191.432
        23638.9 419392.0 419392.0 210648.3  0.0   3355520.0 3191489.0 4194304.0  1100699.3  774144.0 380201.5    212  168.736   8     22.696  191.432
        23653.9 419392.0 419392.0  0.0   223741.3 3355520.0 884923.8 4194304.0  1143057.2  774144.0 380209.6    213  169.479   8     22.696  192.176
        23668.9 419392.0 419392.0  0.0   223741.3 3355520.0 1417952.5 4194304.0  1143057.2  774144.0 380218.8    213  169.479   8     22.696  192.176
        23684.0 419392.0 419392.0  0.0   223741.3 3355520.0 1772753.8 4194304.0  1143057.2  774144.0 380227.8    213  169.479   8     22.696  192.176
        23699.0 419392.0 419392.0  0.0   223741.3 3355520.0 2043881.1 4194304.0  1143057.2  774144.0 380239.3    213  169.479   8     22.696  192.176
        23714.0 419392.0 419392.0  0.0   223741.3 3355520.0 2418592.7 4194304.0  1143057.2  774144.0 380239.8    213  169.479   8     22.696  192.176
        23729.0 419392.0 419392.0  0.0   223741.3 3355520.0 2783067.1 4194304.0  1143057.2  774144.0 380252.3    213  169.479   8     22.696  192.176
        23744.0 419392.0 419392.0 221607.2  0.0   3355520.0 57191.4  4194304.0  1180179.5  774144.0 380252.6    214  170.232   8     22.696  192.928
        23759.0 419392.0 419392.0 221607.2  0.0   3355520.0 315452.3 4194304.0  1180179.5  774144.0 380253.0    214  170.232   8     22.696  192.928
        23774.0 419392.0 419392.0 221607.2  0.0   3355520.0 718739.4 4194304.0  1180179.5  774144.0 380253.8    214  170.232   8     22.696  192.928
        23789.0 419392.0 419392.0 221607.2  0.0   3355520.0 1161778.0 4194304.0  1180179.5  774144.0 380265.8    214  170.232   8     22.696  192.928
        23804.0 419392.0 419392.0 221607.2  0.0   3355520.0 1909725.5 4194304.0  1180179.5  774144.0 380267.9    214  170.232   8     22.696  192.928
        23819.0 419392.0 419392.0 221607.2  0.0   3355520.0 2216034.2 4194304.0  1180179.5  774144.0 380483.7    214  170.232   8     22.696  192.928
        23834.0 419392.0 419392.0 221607.2  0.0   3355520.0 3032474.8 4194304.0  1180179.5  774144.0 380556.8    214  170.232   8     22.696  192.928
        23849.0 419392.0 419392.0 221607.2  0.0   3355520.0 3328054.9 4194304.0  1180179.5  774144.0 380557.0    214  170.232   8     22.696  192.928
        23864.0 419392.0 419392.0  0.0   208005.9 3355520.0 367472.7 4194304.0  1223142.0  774144.0 380558.8    215  171.031   8     22.696  193.727
        23879.0 419392.0 419392.0  0.0   208005.9 3355520.0 1178192.1 4194304.0  1223142.0  774144.0 380560.2    215  171.031   8     22.696  193.727
        23894.0 419392.0 419392.0  0.0   208005.9 3355520.0 2115236.7 4194304.0  1223142.0  774144.0 380631.0    215  171.031   8     22.696  193.727
        23909.0 419392.0 419392.0  0.0   208005.9 3355520.0 2996124.9 4194304.0  1223142.0  774144.0 380805.2    215  171.031   8     22.696  193.727
        23924.0 419392.0 419392.0 214782.9  0.0   3355520.0 439328.1 4194304.0  1253774.4  774144.0 380826.8    216  171.757   8     22.696  194.453
        23939.0 419392.0 419392.0 214782.9  0.0   3355520.0 976980.6 4194304.0  1253774.4  774144.0 380829.6    216  171.757   8     22.696  194.453
        23954.0 419392.0 419392.0 214782.9  0.0   3355520.0 1374719.0 4194304.0  1253774.4  774144.0 380837.0    216  171.757   8     22.696  194.453
        23969.0 419392.0 419392.0 214782.9  0.0   3355520.0 1843138.1 4194304.0  1253774.4  774144.0 380860.2    216  171.757   8     22.696  194.453
        23984.0 419392.0 419392.0 214782.9  0.0   3355520.0 2135249.4 4194304.0  1253774.4  774144.0 380883.1    216  171.757   8     22.696  194.453
        23999.0 419392.0 419392.0 214782.9  0.0   3355520.0 2552339.8 4194304.0  1253774.4  774144.0 380986.3    216  171.757   8     22.696  194.453
        24014.0 419392.0 419392.0  0.0   226532.9 3355520.0 15998.7  4194304.0  1288893.6  774144.0 380994.0    217  172.630   8     22.696  195.326
        24029.0 419392.0 419392.0  0.0   226532.9 3355520.0 922417.4 4194304.0  1288893.6  774144.0 381174.2    217  172.630   8     22.696  195.326
        24044.0 419392.0 419392.0  0.0   226532.9 3355520.0 1462583.9 4194304.0  1288893.6  774144.0 381200.2    217  172.630   8     22.696  195.326
        24059.0 419392.0 419392.0  0.0   226532.9 3355520.0 1907155.8 4194304.0  1288893.6  774144.0 381250.2    217  172.630   8     22.696  195.326
        24074.0 419392.0 419392.0  0.0   226532.9 3355520.0 2125971.3 4194304.0  1288893.6  774144.0 381283.7    217  172.630   8     22.696  195.326
        24089.0 419392.0 419392.0  0.0   226532.9 3355520.0 2591662.8 4194304.0  1288893.6  774144.0 381306.3    217  172.630   8     22.696  195.326
        24104.1 419392.0 419392.0  0.0   226532.9 3355520.0 3347024.9 4194304.0  1288893.6  774144.0 381320.6    217  172.630   8     22.696  195.326
        24119.1 419392.0 419392.0 252205.4  0.0   3355520.0 1289660.7 4194304.0  1310725.0  774144.0 381338.2    218  173.598   8     22.696  196.294
        24134.1 419392.0 419392.0 252205.4  0.0   3355520.0 1875935.7 4194304.0  1310725.0  774144.0 381338.5    218  173.598   8     22.696  196.294
        24149.1 419392.0 419392.0 252205.4  0.0   3355520.0 2586120.9 4194304.0  1310725.0  774144.0 381346.8    218  173.598   8     22.696  196.294
        24164.1 419392.0 419392.0 252205.4  0.0   3355520.0 3275067.2 4194304.0  1310725.0  774144.0 381376.3    218  173.598   8     22.696  196.294
        24179.1 419392.0 419392.0  0.0   260256.3 3355520.0 554419.5 4194304.0  1346724.3  774144.0 381427.0    219  174.492   8     22.696  197.189
        24194.1 419392.0 419392.0  0.0   260256.3 3355520.0 1100714.3 4194304.0  1346724.3  774144.0 381440.2    219  174.492   8     22.696  197.189
        24209.1 419392.0 419392.0  0.0   260256.3 3355520.0 2003648.2 4194304.0  1346724.3  774144.0 381459.4    219  174.492   8     22.696  197.189
        24224.1 419392.0 419392.0  0.0   260256.3 3355520.0 2954476.9 4194304.0  1346724.3  774144.0 381466.3    219  174.492   8     22.696  197.189
        24239.1 419392.0 419392.0 269736.0  0.0   3355520.0 69045.2  4194304.0  1384262.1  774144.0 381502.7    220  175.412   8     22.696  198.108
        24254.1 419392.0 419392.0 269736.0  0.0   3355520.0 914631.4 4194304.0  1384262.1  774144.0 381614.4    220  175.412   8     22.696  198.108
        24269.1 419392.0 419392.0 269736.0  0.0   3355520.0 1504208.8 4194304.0  1384262.1  774144.0 381625.0    220  175.412   8     22.696  198.108
        24284.1 419392.0 419392.0 269736.0  0.0   3355520.0 2003728.0 4194304.0  1384262.1  774144.0 381781.9    220  175.412   8     22.696  198.108
        24299.1 419392.0 419392.0 269736.0  0.0   3355520.0 2586378.3 4194304.0  1384262.1  774144.0 381784.8    220  175.412   8     22.696  198.108
        24314.1 419392.0 419392.0 269736.0  0.0   3355520.0 3318616.8 4194304.0  1384262.1  774144.0 381790.6    220  175.412   8     22.696  198.108
        24329.1 419392.0 419392.0  0.0   243456.9 3355520.0 356274.0 4194304.0  1413868.5  774144.0 381811.0    221  176.246   8     22.696  198.942
        24344.1 419392.0 419392.0  0.0   243456.9 3355520.0 1340413.1 4194304.0  1413868.5  774144.0 381812.2    221  176.246   8     22.696  198.942
        24359.2 419392.0 419392.0  0.0   243456.9 3355520.0 2022974.9 4194304.0  1413868.5  774144.0 381835.3    221  176.246   8     22.696  198.942
        24374.2 419392.0 419392.0  0.0   243456.9 3355520.0 2455616.4 4194304.0  1413868.5  774144.0 381837.1    221  176.246   8     22.696  198.942
        24389.2 419392.0 419392.0  0.0   243456.9 3355520.0 2934776.0 4194304.0  1413868.5  774144.0 381838.6    221  176.246   8     22.696  198.942
        24404.2 419392.0 419392.0 229875.8  0.0   3355520.0 14927.0  4194304.0  1450033.8  774144.0 381839.4    222  177.011   8     22.696  199.707
        24419.2 419392.0 419392.0 229875.8  0.0   3355520.0 367029.4 4194304.0  1450033.8  774144.0 381840.0    222  177.011   8     22.696  199.707
        24434.2 419392.0 419392.0 229875.8  0.0   3355520.0 527683.3 4194304.0  1450033.8  774144.0 381840.2    222  177.011   8     22.696  199.707
        24449.2 419392.0 419392.0 229875.8  0.0   3355520.0 888396.2 4194304.0  1450033.8  774144.0 381840.6    222  177.011   8     22.696  199.707
        24464.2 419392.0 419392.0 229875.8  0.0   3355520.0 1216777.5 4194304.0  1450033.8  774144.0 381840.9    222  177.011   8     22.696  199.707
        24479.2 419392.0 419392.0 229875.8  0.0   3355520.0 1463861.6 4194304.0  1450033.8  774144.0 381841.1    222  177.011   8     22.696  199.707
        24494.2 419392.0 419392.0 229875.8  0.0   3355520.0 1701726.9 4194304.0  1450033.8  774144.0 381841.4    222  177.011   8     22.696  199.707
        24509.2 419392.0 419392.0 229875.8  0.0   3355520.0 2204983.9 4194304.0  1450033.8  774144.0 381843.5    222  177.011   8     22.696  199.707
        24524.2 419392.0 419392.0 229875.8  0.0   3355520.0 2887783.9 4194304.0  1450033.8  774144.0 381846.8    222  177.011   8     22.696  199.707
        24539.2 419392.0 419392.0 229875.8  0.0   3355520.0 3298228.3 4194304.0  1450033.8  774144.0 381931.3    222  177.011   8     22.696  199.707
        24554.2 419392.0 419392.0  0.0   224360.0 3355520.0 505200.4 4194304.0  1485963.1  774144.0 381931.9    223  177.712   8     22.696  200.408
        24569.2 419392.0 419392.0  0.0   224360.0 3355520.0 1102192.9 4194304.0  1485963.1  774144.0 381944.1    223  177.712   8     22.696  200.408
        24584.2 419392.0 419392.0  0.0   224360.0 3355520.0 1705670.0 4194304.0  1485963.1  774144.0 381944.9    223  177.712   8     22.696  200.408
        24599.2 419392.0 419392.0  0.0   224360.0 3355520.0 2313404.5 4194304.0  1485963.1  774144.0 381947.6    223  177.712   8     22.696  200.408
        24614.2 419392.0 419392.0  0.0   224360.0 3355520.0 2728001.3 4194304.0  1485963.1  774144.0 381948.3    223  177.712   8     22.696  200.408
        24629.2 419392.0 419392.0  0.0   224360.0 3355520.0 3247208.1 4194304.0  1485963.1  774144.0 381950.6    223  177.712   8     22.696  200.408
        24644.3 419392.0 419392.0 227683.0  0.0   3355520.0 152456.8 4194304.0  1519752.6  774144.0 381967.0    224  178.442   8     22.696  201.138
        24659.3 419392.0 419392.0 227683.0  0.0   3355520.0 621099.6 4194304.0  1519752.6  774144.0 381972.9    224  178.442   8     22.696  201.138
        24674.3 419392.0 419392.0 227683.0  0.0   3355520.0 1275517.8 4194304.0  1519752.6  774144.0 381973.7    224  178.442   8     22.696  201.138
        24689.3 419392.0 419392.0 227683.0  0.0   3355520.0 1636911.8 4194304.0  1519752.6  774144.0 381977.9    224  178.442   8     22.696  201.138
        24704.3 419392.0 419392.0 227683.0  0.0   3355520.0 2256302.8 4194304.0  1519752.6  774144.0 381982.3    224  178.442   8     22.696  201.138
        24719.3 419392.0 419392.0 227683.0  0.0   3355520.0 3178748.4 4194304.0  1519752.6  774144.0 381985.8    224  178.442   8     22.696  201.138
        24734.3 419392.0 419392.0  0.0   236899.8 3355520.0 538545.1 4194304.0  1555744.5  774144.0 381989.4    225  179.270   8     22.696  201.967
        24749.3 419392.0 419392.0  0.0   236899.8 3355520.0 1753906.4 4194304.0  1555744.5  774144.0 382030.0    225  179.270   8     22.696  201.967
        24764.3 419392.0 419392.0  0.0   236899.8 3355520.0 2600658.7 4194304.0  1555744.5  774144.0 382033.3    225  179.270   8     22.696  201.967
        24779.3 419392.0 419392.0  0.0   236899.8 3355520.0 3305289.0 4194304.0  1555744.5  774144.0 382033.8    225  179.270   8     22.696  201.967
        24794.3 419392.0 419392.0 247787.3  0.0   3355520.0 157058.0 4194304.0  1596972.3  774144.0 382034.1    226  180.109   8     22.696  202.805
        24809.3 419392.0 419392.0 247787.3  0.0   3355520.0 609978.4 4194304.0  1596972.3  774144.0 382041.5    226  180.109   8     22.696  202.805
        24824.3 419392.0 419392.0 247787.3  0.0   3355520.0 941496.9 4194304.0  1596972.3  774144.0 382041.5    226  180.109   8     22.696  202.805
        24839.3 419392.0 419392.0 247787.3  0.0   3355520.0 1169663.0 4194304.0  1596972.3  774144.0 382053.5    226  180.109   8     22.696  202.805
        24854.3 419392.0 419392.0 247787.3  0.0   3355520.0 1767170.3 4194304.0  1596972.3  774144.0 382073.3    226  180.109   8     22.696  202.805
        24869.3 419392.0 419392.0 247787.3  0.0   3355520.0 2742993.4 4194304.0  1596972.3  774144.0 382080.7    226  180.109   8     22.696  202.805
        24884.3 419392.0 419392.0  0.0   223960.2 3355520.0 651560.3 4194304.0  1634929.7  774144.0 382103.9    227  180.739   8     22.696  203.435
        24899.3 419392.0 419392.0  0.0   223960.2 3355520.0 1588383.6 4194304.0  1634929.7  774144.0 382144.7    227  180.739   8     22.696  203.435
        24914.3 419392.0 419392.0  0.0   223960.2 3355520.0 2196622.0 4194304.0  1634929.7  774144.0 382153.2    227  180.739   8     22.696  203.435
        24929.3 419392.0 419392.0  0.0   223960.2 3355520.0 2694211.8 4194304.0  1634929.7  774144.0 382162.4    227  180.739   8     22.696  203.435
        24944.3 419392.0 419392.0  0.0   223960.2 3355520.0 2851497.8 4194304.0  1634929.7  774144.0 382162.5    227  180.739   8     22.696  203.435
        24959.3 419392.0 419392.0 240482.8  0.0   3355520.0 309792.5 4194304.0  1674778.9  774144.0 382184.9    228  181.632   8     22.696  204.328
        24974.3 419392.0 419392.0 240482.8  0.0   3355520.0 897362.8 4194304.0  1674778.9  774144.0 382185.1    228  181.632   8     22.696  204.328
        24989.3 419392.0 419392.0 240482.8  0.0   3355520.0 1429796.6 4194304.0  1674778.9  774144.0 382191.2    228  181.632   8     22.696  204.328
        25004.3 419392.0 419392.0 240482.8  0.0   3355520.0 1807183.2 4194304.0  1674778.9  774144.0 382195.6    228  181.632   8     22.696  204.328
        25019.3 419392.0 419392.0 240482.8  0.0   3355520.0 2072768.3 4194304.0  1674778.9  774144.0 382196.0    228  181.632   8     22.696  204.328
        25034.3 419392.0 419392.0 240482.8  0.0   3355520.0 2719646.4 4194304.0  1674778.9  774144.0 382204.6    228  181.632   8     22.696  204.328
        25049.3 419392.0 419392.0 240482.8  0.0   3355520.0 3341799.0 4194304.0  1674778.9  774144.0 382208.7    228  181.632   8     22.696  204.328
        25064.3 419392.0 419392.0  0.0   228552.6 3355520.0 248541.7 4194304.0  1717371.2  774144.0 382209.5    229  182.325   8     22.696  205.021
        25079.3 419392.0 419392.0  0.0   228552.6 3355520.0 1124920.4 4194304.0  1717371.2  774144.0 382233.5    229  182.325   8     22.696  205.021
        25094.3 419392.0 419392.0  0.0   228552.6 3355520.0 1928851.4 4194304.0  1717371.2  774144.0 382301.7    229  182.325   8     22.696  205.021
        25109.4 419392.0 419392.0  0.0   228552.6 3355520.0 2467943.7 4194304.0  1717371.2  774144.0 382302.2    229  182.325   8     22.696  205.021
        25124.4 419392.0 419392.0  0.0   228552.6 3355520.0 3131172.9 4194304.0  1717371.2  774144.0 382302.6    229  182.325   8     22.696  205.021
        25139.4 419392.0 419392.0 225861.0  0.0   3355520.0 292402.7 4194304.0  1757277.2  774144.0 382305.0    230  183.156   8     22.696  205.852
        25154.4 419392.0 419392.0 225861.0  0.0   3355520.0 706643.1 4194304.0  1757277.2  774144.0 382305.6    230  183.156   8     22.696  205.852
        25169.4 419392.0 419392.0 225861.0  0.0   3355520.0 1032409.9 4194304.0  1757277.2  774144.0 382306.0    230  183.156   8     22.696  205.852
        25184.4 419392.0 419392.0 225861.0  0.0   3355520.0 1406763.5 4194304.0  1757277.2  774144.0 382308.7    230  183.156   8     22.696  205.852
        25199.4 419392.0 419392.0 225861.0  0.0   3355520.0 2036275.2 4194304.0  1757277.2  774144.0 382392.1    230  183.156   8     22.696  205.852
        25214.4 419392.0 419392.0 225861.0  0.0   3355520.0 2676239.5 4194304.0  1757277.2  774144.0 382393.9    230  183.156   8     22.696  205.852
        25229.4 419392.0 419392.0 225861.0  0.0   3355520.0 3154103.5 4194304.0  1757277.2  774144.0 382394.4    230  183.156   8     22.696  205.852
        25244.4 419392.0 419392.0  0.0   240616.1 3355520.0 124430.4 4194304.0  1785855.8  774144.0 382394.5    231  183.986   8     22.696  206.682
        25259.4 419392.0 419392.0  0.0   240616.1 3355520.0 598107.8 4194304.0  1785855.8  774144.0 382394.6    231  183.986   8     22.696  206.682
        25274.3 419392.0 419392.0  0.0   240616.1 3355520.0 1298910.7 4194304.0  1785855.8  774144.0 382400.4    231  183.986   8     22.696  206.682
        25289.3 419392.0 419392.0  0.0   240616.1 3355520.0 2286449.1 4194304.0  1785855.8  774144.0 382431.3    231  183.986   8     22.696  206.682
        25304.4 419392.0 419392.0  0.0   240616.1 3355520.0 2861032.5 4194304.0  1785855.8  774144.0 382444.6    231  183.986   8     22.696  206.682
        25319.4 419392.0 419392.0  0.0   240616.1 3355520.0 3260054.1 4194304.0  1785855.8  774144.0 382459.9    231  183.986   8     22.696  206.682
        25334.4 419392.0 419392.0 248564.1  0.0   3355520.0 380042.0 4194304.0  1813690.1  774144.0 382549.5    232  184.755   8     22.696  207.451
        25349.4 419392.0 419392.0 248564.1  0.0   3355520.0 688697.5 4194304.0  1813690.1  774144.0 382551.2    232  184.755   8     22.696  207.451
        25364.4 419392.0 419392.0 248564.1  0.0   3355520.0 1324019.2 4194304.0  1813690.1  774144.0 382563.6    232  184.755   8     22.696  207.451
        25379.4 419392.0 419392.0 248564.1  0.0   3355520.0 2312270.0 4194304.0  1813690.1  774144.0 382606.6    232  184.755   8     22.696  207.451
        25394.4 419392.0 419392.0  0.0   259224.5 3355520.0 173644.6 4194304.0  1850296.7  774144.0 382663.0    233  185.587   8     22.696  208.284
        25409.4 419392.0 419392.0  0.0   259224.5 3355520.0 790425.7 4194304.0  1850296.7  774144.0 382664.3    233  185.587   8     22.696  208.284
        25424.4 419392.0 419392.0  0.0   259224.5 3355520.0 1554953.4 4194304.0  1850296.7  774144.0 382664.6    233  185.587   8     22.696  208.284
        25439.4 419392.0 419392.0  0.0   259224.5 3355520.0 2491531.3 4194304.0  1850296.7  774144.0 382675.5    233  185.587   8     22.696  208.284
        25454.4 419392.0 419392.0 284753.6  0.0   3355520.0 20373.5  4194304.0  1885131.2  774144.0 382684.5    234  186.584   8     22.696  209.280
        25469.4 419392.0 419392.0 284753.6  0.0   3355520.0 395509.0 4194304.0  1885131.2  774144.0 382778.7    234  186.584   8     22.696  209.280
        25484.4 419392.0 419392.0 284753.6  0.0   3355520.0 814529.8 4194304.0  1885131.2  774144.0 382782.1    234  186.584   8     22.696  209.280
        25499.4 419392.0 419392.0 284753.6  0.0   3355520.0 1364259.9 4194304.0  1885131.2  774144.0 382786.3    234  186.584   8     22.696  209.280
        25514.5 419392.0 419392.0 284753.6  0.0   3355520.0 1517848.2 4194304.0  1885131.2  774144.0 382795.9    234  186.584   8     22.696  209.280
        25529.5 419392.0 419392.0 284753.6  0.0   3355520.0 1943876.7 4194304.0  1885131.2  774144.0 382828.5    234  186.584   8     22.696  209.280
        25544.5 419392.0 419392.0 284753.6  0.0   3355520.0 2230134.6 4194304.0  1885131.2  774144.0 382840.6    234  186.584   8     22.696  209.280
        25559.5 419392.0 419392.0 284753.6  0.0   3355520.0 2956077.1 4194304.0  1885131.2  774144.0 382850.8    234  186.584   8     22.696  209.280
        25574.5 419392.0 419392.0 284753.6  0.0   3355520.0 3284229.2 4194304.0  1885131.2  774144.0 382880.9    234  186.584   8     22.696  209.280
        25589.5 419392.0 419392.0  0.0   271508.9 3355520.0 664478.7 4194304.0  1928805.4  774144.0 382940.5    235  187.497   8     22.696  210.193
        25604.5 419392.0 419392.0  0.0   271508.9 3355520.0 1143689.0 4194304.0  1928805.4  774144.0 382942.5    235  187.497   8     22.696  210.193
        25619.5 419392.0 419392.0  0.0   271508.9 3355520.0 1421587.2 4194304.0  1928805.4  774144.0 382943.6    235  187.497   8     22.696  210.193
        25634.5 419392.0 419392.0  0.0   271508.9 3355520.0 1709499.9 4194304.0  1928805.4  774144.0 382945.7    235  187.497   8     22.696  210.193
        25649.5 419392.0 419392.0  0.0   271508.9 3355520.0 2351795.7 4194304.0  1928805.4  774144.0 382959.6    235  187.497   8     22.696  210.193
        25664.5 419392.0 419392.0  0.0   271508.9 3355520.0 2600486.7 4194304.0  1928805.4  774144.0 382972.3    235  187.497   8     22.696  210.193
        25679.5 419392.0 419392.0  0.0   271508.9 3355520.0 2867407.5 4194304.0  1928805.4  774144.0 382985.6    235  187.497   8     22.696  210.193
        25694.5 419392.0 419392.0  0.0   271508.9 3355520.0 3344514.3 4194304.0  1928805.4  774144.0 382986.6    235  187.497   8     22.696  210.193
        25709.5 419392.0 419392.0 241634.3  0.0   3355520.0 1085738.2 4194304.0  1966754.6  774144.0 382987.8    236  188.230   8     22.696  210.926
        25724.5 419392.0 419392.0 241634.3  0.0   3355520.0 2038293.5 4194304.0  1966754.6  774144.0 382988.8    236  188.230   8     22.696  210.926
        25739.5 419392.0 419392.0 241634.3  0.0   3355520.0 2821960.6 4194304.0  1966754.6  774144.0 382991.7    236  188.230   8     22.696  210.926
        25754.5 419392.0 419392.0 241634.3  0.0   3355520.0 3311043.7 4194304.0  1966754.6  774144.0 382993.0    236  188.230   8     22.696  210.926
        25769.5 419392.0 419392.0  0.0   240057.3 3355520.0 155128.8 4194304.0  2001138.0  774144.0 382994.3    237  189.014   8     22.696  211.711
        25784.5 419392.0 419392.0  0.0   240057.3 3355520.0 484067.2 4194304.0  2001138.0  774144.0 382996.7    237  189.014   8     22.696  211.711
        25799.5 419392.0 419392.0  0.0   240057.3 3355520.0 966458.6 4194304.0  2001138.0  774144.0 383006.8    237  189.014   8     22.696  211.711
        25814.5 419392.0 419392.0  0.0   240057.3 3355520.0 1788298.3 4194304.0  2001138.0  774144.0 383013.4    237  189.014   8     22.696  211.711
        25829.5 419392.0 419392.0  0.0   240057.3 3355520.0 2561543.7 4194304.0  2001138.0  774144.0 383027.6    237  189.014   8     22.696  211.711
        25844.5 419392.0 419392.0 234245.5 240057.3 3355520.0 3355520.0 4194304.0  2030614.6  774144.0 383040.5    238  189.014   8     22.696  211.711
        25859.5 419392.0 419392.0 239262.1  0.0   3355520.0 818577.4 4194304.0  2030614.6  774144.0 383041.4    238  189.824   8     22.696  212.520
        25874.5 419392.0 419392.0 239262.1  0.0   3355520.0 1520859.3 4194304.0  2030614.6  774144.0 383056.0    238  189.824   8     22.696  212.520
        25889.5 419392.0 419392.0 239262.1  0.0   3355520.0 2418272.2 4194304.0  2030614.6  774144.0 383275.7    238  189.824   8     22.696  212.520
        25904.5 419392.0 419392.0 239262.1  0.0   3355520.0 3143672.3 4194304.0  2030614.6  774144.0 383316.3    238  189.824   8     22.696  212.520
        25919.5 419392.0 419392.0  0.0   240401.3 3355520.0 966124.4 4194304.0  2075884.2  774144.0 383333.9    239  190.603   8     22.696  213.299
        25934.5 419392.0 419392.0  0.0   240401.3 3355520.0 1754075.4 4194304.0  2075884.2  774144.0 383342.1    239  190.603   8     22.696  213.299
        25949.5 419392.0 419392.0  0.0   240401.3 3355520.0 2607051.1 4194304.0  2075884.2  774144.0 383383.2    239  190.603   8     22.696  213.299
        25964.6 419392.0 419392.0 241249.8 240401.3 3355520.0 3355520.0 4194304.0  2114673.8  774144.0 383431.7    240  190.603   8     22.696  213.299
        25979.6 419392.0 419392.0 249910.8  0.0   3355520.0 767687.7 4194304.0  2114673.8  774144.0 383431.7    240  191.520   8     22.696  214.216
        25994.6 419392.0 419392.0 249910.8  0.0   3355520.0 1424509.8 4194304.0  2114673.8  774144.0 383481.3    240  191.520   8     22.696  214.216
        26009.6 419392.0 419392.0 249910.8  0.0   3355520.0 1935109.3 4194304.0  2114673.8  774144.0 383481.7    240  191.520   8     22.696  214.216
        26024.6 419392.0 419392.0 249910.8  0.0   3355520.0 2622788.3 4194304.0  2114673.8  774144.0 383504.6    240  191.520   8     22.696  214.216
        26039.6 419392.0 419392.0 249910.8  0.0   3355520.0 3268377.9 4194304.0  2114673.8  774144.0 383508.5    240  191.520   8     22.696  214.216
        26054.6 419392.0 419392.0  0.0   262605.3 3355520.0 740602.9 4194304.0  2154627.8  774144.0 383509.5    241  192.429   8     22.696  215.125
        26069.6 419392.0 419392.0  0.0   262605.3 3355520.0 964609.7 4194304.0  2154627.8  774144.0 383525.1    241  192.429   8     22.696  215.125
        26084.6 419392.0 419392.0  0.0   262605.3 3355520.0 1563987.4 4194304.0  2154627.8  774144.0 383616.0    241  192.429   8     22.696  215.125
        26099.6 419392.0 419392.0  0.0   262605.3 3355520.0 2098397.3 4194304.0  2154627.8  774144.0 383655.2    241  192.429   8     22.696  215.125
        26114.6 419392.0 419392.0  0.0   262605.3 3355520.0 2719270.7 4194304.0  2154627.8  774144.0 383676.4    241  192.429   8     22.696  215.125
        26129.6 419392.0 419392.0  0.0   262605.3 3355520.0 3268431.6 4194304.0  2154627.8  774144.0 383693.3    241  192.429   8     22.696  215.125
        26144.6 419392.0 419392.0 241335.5  0.0   3355520.0 625889.4 4194304.0  2184710.2  774144.0 383694.0    242  193.020   8     22.696  215.716
        26159.6 419392.0 419392.0 241335.5  0.0   3355520.0 1008193.6 4194304.0  2184710.2  774144.0 383696.2    242  193.020   8     22.696  215.716
        26174.6 419392.0 419392.0 241335.5  0.0   3355520.0 1504106.8 4194304.0  2184710.2  774144.0 383697.8    242  193.020   8     22.696  215.716
        26189.6 419392.0 419392.0 241335.5  0.0   3355520.0 1650945.9 4194304.0  2184710.2  774144.0 383760.4    242  193.020   8     22.696  215.716
        26204.6 419392.0 419392.0 241335.5  0.0   3355520.0 2008685.1 4194304.0  2184710.2  774144.0 383775.6    242  193.020   8     22.696  215.716
        26219.6 419392.0 419392.0 241335.5  0.0   3355520.0 2949759.1 4194304.0  2184710.2  774144.0 383779.5    242  193.020   8     22.696  215.716
        26234.6 419392.0 419392.0  0.0   239914.0 3355520.0 631493.6 4194304.0  2214000.2  774144.0 383780.7    243  193.884   8     22.696  216.580
        26249.6 419392.0 419392.0  0.0   239914.0 3355520.0 1587869.2 4194304.0  2214000.2  774144.0 383781.6    243  193.884   8     22.696  216.580
        26264.6 419392.0 419392.0  0.0   239914.0 3355520.0 2427242.7 4194304.0  2214000.2  774144.0 383786.7    243  193.884   8     22.696  216.580
        26279.6 419392.0 419392.0  0.0   239914.0 3355520.0 2994570.0 4194304.0  2214000.2  774144.0 383799.6    243  193.884   8     22.696  216.580
        26294.6 419392.0 419392.0 264086.6  0.0   3355520.0 265179.2 4194304.0  2247059.3  774144.0 383817.2    244  194.753   8     22.696  217.449
        26309.6 419392.0 419392.0 264086.6  0.0   3355520.0 999059.8 4194304.0  2247059.3  774144.0 383876.3    244  194.753   8     22.696  217.449
        26324.6 419392.0 419392.0 264086.6  0.0   3355520.0 1640548.7 4194304.0  2247059.3  774144.0 383876.8    244  194.753   8     22.696  217.449
        26339.6 419392.0 419392.0 264086.6  0.0   3355520.0 2199470.4 4194304.0  2247059.3  774144.0 383917.4    244  194.753   8     22.696  217.449
        26354.6 419392.0 419392.0 264086.6  0.0   3355520.0 2600568.0 4194304.0  2247059.3  774144.0 383936.6    244  194.753   8     22.696  217.449
        26369.6 419392.0 419392.0 264086.6  0.0   3355520.0 3053828.0 4194304.0  2247059.3  774144.0 383937.1    244  194.753   8     22.696  217.449
        26384.6 419392.0 419392.0  0.0   255194.2 3355520.0 366263.4 4194304.0  2293591.1  774144.0 383940.8    245  195.646   8     22.696  218.342
        26399.6 419392.0 419392.0  0.0   255194.2 3355520.0 793011.4 4194304.0  2293591.1  774144.0 383941.0    245  195.646   8     22.696  218.342
        26414.6 419392.0 419392.0  0.0   255194.2 3355520.0 1079600.8 4194304.0  2293591.1  774144.0 383945.6    245  195.646   8     22.696  218.342
        26429.6 419392.0 419392.0  0.0   255194.2 3355520.0 1716360.8 4194304.0  2293591.1  774144.0 383950.8    245  195.646   8     22.696  218.342
        26444.6 419392.0 419392.0  0.0   255194.2 3355520.0 2044695.2 4194304.0  2293591.1  774144.0 383964.3    245  195.646   8     22.696  218.342
        26459.6 419392.0 419392.0  0.0   255194.2 3355520.0 2858612.8 4194304.0  2293591.1  774144.0 383964.7    245  195.646   8     22.696  218.342
        26474.6 419392.0 419392.0  0.0   255194.2 3355520.0 3243145.7 4194304.0  2293591.1  774144.0 384071.1    245  195.646   8     22.696  218.342
        26489.6 419392.0 419392.0 288141.7  0.0   3355520.0 467729.9 4194304.0  2314750.9  774144.0 384072.1    246  196.688   8     22.696  219.384
        26504.7 419392.0 419392.0 288141.7  0.0   3355520.0 1394877.0 4194304.0  2314750.9  774144.0 384241.0    246  196.688   8     22.696  219.384
        26519.7 419392.0 419392.0 288141.7  0.0   3355520.0 2147001.2 4194304.0  2314750.9  774144.0 384252.3    246  196.688   8     22.696  219.384
        26534.7 419392.0 419392.0 288141.7  0.0   3355520.0 2527048.5 4194304.0  2314750.9  774144.0 384264.4    246  196.688   8     22.696  219.384
        26549.7 419392.0 419392.0 288141.7  0.0   3355520.0 2827327.2 4194304.0  2314750.9  774144.0 384268.7    246  196.688   8     22.696  219.384
        26564.7 419392.0 419392.0 288141.7  0.0   3355520.0 2967955.4 4194304.0  2314750.9  774144.0 384269.2    246  196.688   8     22.696  219.384
        26579.7 419392.0 419392.0  0.0   267278.8 3355520.0  2265.5  4194304.0  2348730.3  774144.0 384269.3    247  197.475   8     22.696  220.171
        26594.7 419392.0 419392.0  0.0   267278.8 3355520.0 783701.1 4194304.0  2348730.3  774144.0 384270.4    247  197.475   8     22.696  220.171
        26609.7 419392.0 419392.0  0.0   267278.8 3355520.0 1681644.6 4194304.0  2348730.3  774144.0 384273.5    247  197.475   8     22.696  220.171
        26624.7 419392.0 419392.0  0.0   267278.8 3355520.0 2272768.9 4194304.0  2348730.3  774144.0 384283.9    247  197.475   8     22.696  220.171
        26639.7 419392.0 419392.0  0.0   267278.8 3355520.0 2821683.0 4194304.0  2348730.3  774144.0 384296.6    247  197.475   8     22.696  220.171
        26654.7 419392.0 419392.0 244664.9  0.0   3355520.0 203533.1 4194304.0  2393851.8  774144.0 384315.5    248  198.255   8     22.696  220.951
        26669.7 419392.0 419392.0 244664.9  0.0   3355520.0 740096.8 4194304.0  2393851.8  774144.0 384316.2    248  198.255   8     22.696  220.951
        26684.7 419392.0 419392.0 244664.9  0.0   3355520.0 1127326.1 4194304.0  2393851.8  774144.0 384385.5    248  198.255   8     22.696  220.951
        26699.7 419392.0 419392.0 244664.9  0.0   3355520.0 1564427.9 4194304.0  2393851.8  774144.0 384385.7    248  198.255   8     22.696  220.951
        26714.7 419392.0 419392.0 244664.9  0.0   3355520.0 1858100.3 4194304.0  2393851.8  774144.0 384389.1    248  198.255   8     22.696  220.951
        26729.7 419392.0 419392.0 244664.9  0.0   3355520.0 2447910.6 4194304.0  2393851.8  774144.0 384389.6    248  198.255   8     22.696  220.951
