Timestamp        S0C    S1C    S0U    S1U      EC       EU        OC         OU       PC     PU    YGC     YGCT    FGC    FGCT     GCT   
        22449.4 419392.0 419392.0 255509.8  0.0   3355520.0 2189919.9 4194304.0  2415552.5  774144.0 377708.9    198  155.982   6     16.786  172.767
        22464.4 419392.0 419392.0 255509.8  0.0   3355520.0 2698396.0 4194304.0  2415552.5  774144.0 377717.0    198  155.982   6     16.786  172.767
        22479.4 419392.0 419392.0 255509.8  0.0   3355520.0 3209416.9 4194304.0  2415552.5  774144.0 377722.4    198  155.982   6     16.786  172.767
        22494.4 419392.0 419392.0  0.0   261425.9 3355520.0 552453.5 4194304.0  2467161.0  774144.0 377804.0    199  156.813   6     16.786  173.599
        22509.4 419392.0 419392.0  0.0   261425.9 3355520.0 738533.7 4194304.0  2467161.0  774144.0 377804.0    199  156.813   6     16.786  173.599
        22524.4 419392.0 419392.0  0.0   261425.9 3355520.0 901547.3 4194304.0  2467161.0  774144.0 377804.2    199  156.813   6     16.786  173.599
        22539.4 419392.0 419392.0  0.0   261425.9 3355520.0 1358185.5 4194304.0  2467161.0  774144.0 377805.8    199  156.813   6     16.786  173.599
        22554.5 419392.0 419392.0  0.0   261425.9 3355520.0 1850928.1 4194304.0  2467161.0  774144.0 377806.4    199  156.813   6     16.786  173.599
        22569.5 419392.0 419392.0  0.0   261425.9 3355520.0 2669284.4 4194304.0  2467161.0  774144.0 377823.9    199  156.813   6     16.786  173.599
        22584.5 419392.0 419392.0  0.0   261425.9 3355520.0 2889369.0 4194304.0  2467161.0  774144.0 377848.1    199  156.813   6     16.786  173.599
        22599.5 419392.0 419392.0  0.0   261425.9 3355520.0 3048610.9 4194304.0  2467161.0  774144.0 377848.1    199  156.813   6     16.786  173.599
        22614.5 419392.0 419392.0 258121.4  0.0   3355520.0 99883.9  4194304.0  2513007.7  774144.0 377855.4    200  157.568   6     16.786  174.354
        22629.5 419392.0 419392.0 258121.4  0.0   3355520.0 705549.8 4194304.0  2513007.7  774144.0 377865.5    200  157.568   6     16.786  174.354
        22644.5 419392.0 419392.0 258121.4  0.0   3355520.0 1567163.2 4194304.0  2513007.7  774144.0 377875.7    200  157.568   6     16.786  174.354
        22659.5 419392.0 419392.0 258121.4  0.0   3355520.0 2513891.1 4194304.0  2513007.7  774144.0 377876.7    200  157.568   6     16.786  174.354
        22674.5 419392.0 419392.0  0.0   237857.6 3355520.0 72606.2  4194304.0  2572879.3  774144.0 377917.4    201  158.375   7     18.567  176.942
        22689.5 419392.0 419392.0  0.0   237857.6 3355520.0 934101.9 4194304.0  2572879.3  774144.0 377919.0    201  158.375   8     18.567  176.942
        22704.5 419392.0 419392.0  0.0   237857.6 3355520.0 1503964.6 4194304.0  1708909.6  774144.0 377923.6    201  158.375   8     23.868  182.243
        22719.5 419392.0 419392.0  0.0   237857.6 3355520.0 2451570.4 4194304.0  1000105.5  774144.0 377342.1    201  158.375   8     23.868  182.243
        22734.5 419392.0 419392.0  0.0   237857.6 3355520.0 3100857.5 4194304.0  1000105.5  774144.0 377345.5    201  158.375   8     23.868  182.243
        22749.5 419392.0 419392.0 244506.7  0.0   3355520.0 290862.5 4194304.0  1046185.9  774144.0 377348.8    202  159.121   8     23.868  182.990
        22764.5 419392.0 419392.0 244506.7  0.0   3355520.0 852725.6 4194304.0  1046185.9  774144.0 377348.9    202  159.121   8     23.868  182.990
        22779.6 419392.0 419392.0 244506.7  0.0   3355520.0 2108956.3 4194304.0  1046185.9  774144.0 377356.7    202  159.121   8     23.868  182.990
        22794.6 419392.0 419392.0 244506.7  0.0   3355520.0 3355520.0 4194304.0  1046185.9  774144.0 377428.2    202  159.121   8     23.868  182.990
        22809.6 419392.0 419392.0  0.0   239720.0 3355520.0 307366.2 4194304.0  1089659.6  774144.0 377434.9    203  159.915   8     23.868  183.784
        22824.6 419392.0 419392.0  0.0   239720.0 3355520.0 776767.5 4194304.0  1089659.6  774144.0 377436.4    203  159.915   8     23.868  183.784
        22839.6 419392.0 419392.0  0.0   239720.0 3355520.0 1090732.7 4194304.0  1089659.6  774144.0 377454.1    203  159.915   8     23.868  183.784
        22854.6 419392.0 419392.0  0.0   239720.0 3355520.0 1379816.1 4194304.0  1089659.6  774144.0 377454.6    203  159.915   8     23.868  183.784
        22869.6 419392.0 419392.0  0.0   239720.0 3355520.0 2425826.8 4194304.0  1089659.6  774144.0 377460.7    203  159.915   8     23.868  183.784
        22884.6 419392.0 419392.0 138346.0 239720.0 3355520.0 3355520.0 4194304.0  1148626.5  774144.0 377465.6    204  159.915   8     23.868  183.784
        22899.6 419392.0 419392.0 235268.5  0.0   3355520.0 688836.0 4194304.0  1137601.0  774144.0 377492.3    204  160.624   8     23.868  184.493
        22914.6 419392.0 419392.0 235268.5  0.0   3355520.0 1227310.1 4194304.0  1137601.0  774144.0 377499.4    204  160.624   8     23.868  184.493
        22929.6 419392.0 419392.0 235268.5  0.0   3355520.0 1846467.0 4194304.0  1137601.0  774144.0 377501.1    204  160.624   8     23.868  184.493
        22944.6 419392.0 419392.0 235268.5  0.0   3355520.0 3081947.1 4194304.0  1137601.0  774144.0 377509.8    204  160.624   8     23.868  184.493
        22959.6 419392.0 419392.0  0.0   241621.6 3355520.0 845452.4 4194304.0  1165499.3  774144.0 377514.9    205  161.355   8     23.868  185.223
        22974.6 419392.0 419392.0  0.0   241621.6 3355520.0 1863343.8 4194304.0  1165499.3  774144.0 377518.8    205  161.355   8     23.868  185.223
        22989.6 419392.0 419392.0  0.0   241621.6 3355520.0 3087822.5 4194304.0  1165499.3  774144.0 377523.6    205  161.355   8     23.868  185.223
        23004.6 419392.0 419392.0 264443.7  0.0   3355520.0 714397.5 4194304.0  1221322.6  774144.0 377528.0    206  162.291   8     23.868  186.159
        23019.7 419392.0 419392.0 264443.7  0.0   3355520.0 1353529.3 4194304.0  1221322.6  774144.0 377549.9    206  162.291   8     23.868  186.159
        23034.7 419392.0 419392.0 264443.7  0.0   3355520.0 2034768.5 4194304.0  1221322.6  774144.0 377566.4    206  162.291   8     23.868  186.159
        23049.7 419392.0 419392.0 264443.7  0.0   3355520.0 2462137.2 4194304.0  1221322.6  774144.0 377567.6    206  162.291   8     23.868  186.159
        23064.7 419392.0 419392.0 264443.7  0.0   3355520.0 2938787.5 4194304.0  1221322.6  774144.0 377568.6    206  162.291   8     23.868  186.159
        23079.7 419392.0 419392.0 264443.7  0.0   3355520.0 3307109.8 4194304.0  1221322.6  774144.0 377571.9    206  162.291   8     23.868  186.159
        23094.7 419392.0 419392.0  0.0   280172.8 3355520.0 145379.6 4194304.0  1259860.8  774144.0 377582.4    207  163.055   8     23.868  186.923
        23109.7 419392.0 419392.0  0.0   280172.8 3355520.0 447927.8 4194304.0  1259860.8  774144.0 377624.9    207  163.055   8     23.868  186.923
        23124.7 419392.0 419392.0  0.0   280172.8 3355520.0 791362.3 4194304.0  1259860.8  774144.0 377630.4    207  163.055   8     23.868  186.923
        23139.7 419392.0 419392.0  0.0   280172.8 3355520.0 1123652.5 4194304.0  1259860.8  774144.0 377632.8    207  163.055   8     23.868  186.923
        23154.7 419392.0 419392.0  0.0   280172.8 3355520.0 1775962.1 4194304.0  1259860.8  774144.0 377636.0    207  163.055   8     23.868  186.923
        23169.7 419392.0 419392.0  0.0   280172.8 3355520.0 2441731.6 4194304.0  1259860.8  774144.0 377654.6    207  163.055   8     23.868  186.923
        23184.7 419392.0 419392.0  0.0   280172.8 3355520.0 3222357.5 4194304.0  1259860.8  774144.0 377672.9    207  163.055   8     23.868  186.923
        23199.7 419392.0 419392.0 276096.1  0.0   3355520.0 614223.8 4194304.0  1300734.5  774144.0 377783.5    208  163.801   8     23.868  187.669
        23214.7 419392.0 419392.0 276096.1  0.0   3355520.0 1482462.1 4194304.0  1300734.5  774144.0 377823.5    208  163.801   8     23.868  187.669
        23229.7 419392.0 419392.0 276096.1  0.0   3355520.0 2403498.0 4194304.0  1300734.5  774144.0 377841.7    208  163.801   8     23.868  187.669
        23244.7 419392.0 419392.0 276096.1  0.0   3355520.0 2776554.7 4194304.0  1300734.5  774144.0 377842.9    208  163.801   8     23.868  187.669
        23259.7 419392.0 419392.0  0.0   280639.2 3355520.0 401031.6 4194304.0  1341618.3  774144.0 377872.5    209  164.597   8     23.868  188.466
        23274.7 419392.0 419392.0  0.0   280639.2 3355520.0 1522559.5 4194304.0  1341618.3  774144.0 377880.7    209  164.597   8     23.868  188.466
        23289.8 419392.0 419392.0  0.0   280639.2 3355520.0 2037702.4 4194304.0  1341618.3  774144.0 377886.3    209  164.597   8     23.868  188.466
        23304.8 419392.0 419392.0  0.0   280639.2 3355520.0 2261623.9 4194304.0  1341618.3  774144.0 377886.6    209  164.597   8     23.868  188.466
        23319.8 419392.0 419392.0  0.0   280639.2 3355520.0 3056499.2 4194304.0  1341618.3  774144.0 377890.4    209  164.597   8     23.868  188.466
        23334.8 419392.0 419392.0 258862.4  0.0   3355520.0 576843.2 4194304.0  1405036.7  774144.0 377902.1    210  165.521   8     23.868  189.389
        23349.8 419392.0 419392.0 258862.4  0.0   3355520.0 1670503.3 4194304.0  1405036.7  774144.0 377920.0    210  165.521   8     23.868  189.389
        23364.8 419392.0 419392.0 258862.4  0.0   3355520.0 2004532.5 4194304.0  1405036.7  774144.0 377920.5    210  165.521   8     23.868  189.389
        23379.8 419392.0 419392.0 258862.4  0.0   3355520.0 2654541.9 4194304.0  1405036.7  774144.0 378032.7    210  165.521   8     23.868  189.389
        23394.8 419392.0 419392.0  0.0   264025.0 3355520.0 299338.4 4194304.0  1454800.6  774144.0 378034.6    211  166.494   8     23.868  190.362
        23409.8 419392.0 419392.0  0.0   264025.0 3355520.0 1420872.6 4194304.0  1454800.6  774144.0 378053.8    211  166.494   8     23.868  190.362
        23424.8 419392.0 419392.0  0.0   264025.0 3355520.0 2375938.4 4194304.0  1454800.6  774144.0 378056.3    211  166.494   8     23.868  190.362
        23439.8 419392.0 419392.0  0.0   264025.0 3355520.0 3047007.1 4194304.0  1454800.6  774144.0 378060.2    211  166.494   8     23.868  190.362
        23454.8 419392.0 419392.0 264960.7  0.0   3355520.0 102452.4 4194304.0  1496904.0  774144.0 378061.2    212  167.445   8     23.868  191.313
        23469.8 419392.0 419392.0 264960.7  0.0   3355520.0 1158075.2 4194304.0  1496904.0  774144.0 378063.1    212  167.445   8     23.868  191.313
        23484.8 419392.0 419392.0 264960.7  0.0   3355520.0 1953785.3 4194304.0  1496904.0  774144.0 378065.1    212  167.445   8     23.868  191.313
        23499.8 419392.0 419392.0 264960.7  0.0   3355520.0 2713538.0 4194304.0  1496904.0  774144.0 378065.8    212  167.445   8     23.868  191.313
        23514.8 419392.0 419392.0 264960.7 263638.2 3355520.0 3355520.0 4194304.0  1548040.4  774144.0 378097.9    213  167.445   8     23.868  191.313
        23529.9 419392.0 419392.0  0.0   264691.9 3355520.0 929954.6 4194304.0  1548040.4  774144.0 378101.9    213  168.403   8     23.868  192.272
        23544.9 419392.0 419392.0  0.0   264691.9 3355520.0 1594779.7 4194304.0  1548040.4  774144.0 378150.3    213  168.403   8     23.868  192.272
        23559.9 419392.0 419392.0  0.0   264691.9 3355520.0 2369716.9 4194304.0  1548040.4  774144.0 378154.9    213  168.403   8     23.868  192.272
        23574.9 419392.0 419392.0  0.0   264691.9 3355520.0 2997247.6 4194304.0  1548040.4  774144.0 378220.3    213  168.403   8     23.868  192.272
        23589.9 419392.0 419392.0 253052.2  0.0   3355520.0 366978.6 4194304.0  1609667.0  774144.0 378250.8    214  169.165   8     23.868  193.033
        23604.9 419392.0 419392.0 253052.2  0.0   3355520.0 1094216.1 4194304.0  1609667.0  774144.0 378260.0    214  169.165   8     23.868  193.033
        23619.9 419392.0 419392.0 253052.2  0.0   3355520.0 1851347.1 4194304.0  1609667.0  774144.0 378267.1    214  169.165   8     23.868  193.033
        23634.9 419392.0 419392.0 253052.2  0.0   3355520.0 2807299.9 4194304.0  1609667.0  774144.0 378310.8    214  169.165   8     23.868  193.033
        23649.9 419392.0 419392.0 253052.2  0.0   3355520.0 3352930.1 4194304.0  1609667.0  774144.0 378312.1    214  169.165   8     23.868  193.033
        23664.9 419392.0 419392.0  0.0   239839.5 3355520.0 445963.8 4194304.0  1646802.0  774144.0 378320.7    215  169.940   8     23.868  193.808
        23679.9 419392.0 419392.0  0.0   239839.5 3355520.0 1504200.0 4194304.0  1646802.0  774144.0 378348.0    215  169.940   8     23.868  193.808
        23694.9 419392.0 419392.0  0.0   239839.5 3355520.0 2281757.5 4194304.0  1646802.0  774144.0 378351.7    215  169.940   8     23.868  193.808
        23709.9 419392.0 419392.0  0.0   239839.5 3355520.0 3063763.5 4194304.0  1646802.0  774144.0 378352.8    215  169.940   8     23.868  193.808
        23724.9 419392.0 419392.0 255670.1  0.0   3355520.0 457211.4 4194304.0  1682248.3  774144.0 378379.7    216  170.861   8     23.868  194.729
        23739.9 419392.0 419392.0 255670.1  0.0   3355520.0 1500209.2 4194304.0  1682248.3  774144.0 378396.4    216  170.861   8     23.868  194.729
        23754.9 419392.0 419392.0 255670.1  0.0   3355520.0 2504480.6 4194304.0  1682248.3  774144.0 378412.9    216  170.861   8     23.868  194.729
        23769.9 419392.0 419392.0 255670.1  0.0   3355520.0 3093826.0 4194304.0  1682248.3  774144.0 378466.7    216  170.861   8     23.868  194.729
        23784.9 419392.0 419392.0  0.0   255536.6 3355520.0 401473.4 4194304.0  1739839.5  774144.0 378467.0    217  171.858   8     23.868  195.727
        23799.9 419392.0 419392.0  0.0   255536.6 3355520.0 1342670.6 4194304.0  1739839.5  774144.0 378469.2    217  171.858   8     23.868  195.727
        23814.9 419392.0 419392.0  0.0   255536.6 3355520.0 2372874.9 4194304.0  1739839.5  774144.0 378474.1    217  171.858   8     23.868  195.727
        23829.9 419392.0 419392.0  0.0   255536.6 3355520.0 3118248.6 4194304.0  1739839.5  774144.0 378482.4    217  171.858   8     23.868  195.727
        23844.9 419392.0 419392.0 264342.8  0.0   3355520.0 665127.8 4194304.0  1777515.2  774144.0 378493.9    218  172.895   8     23.868  196.763
        23859.9 419392.0 419392.0 264342.8  0.0   3355520.0 1696295.0 4194304.0  1777515.2  774144.0 378511.3    218  172.895   8     23.868  196.763
        23874.9 419392.0 419392.0 264342.8  0.0   3355520.0 2174958.9 4194304.0  1777515.2  774144.0 378518.5    218  172.895   8     23.868  196.763
        23889.9 419392.0 419392.0 264342.8  0.0   3355520.0 2895404.3 4194304.0  1777515.2  774144.0 378540.6    218  172.895   8     23.868  196.763
        23904.9 419392.0 419392.0  0.0   231026.3 3355520.0 332264.4 4194304.0  1824886.4  774144.0 378563.5    219  173.915   8     23.868  197.784
        23919.9 419392.0 419392.0  0.0   231026.3 3355520.0 1742600.7 4194304.0  1824886.4  774144.0 378593.1    219  173.915   8     23.868  197.784
        23934.9 419392.0 419392.0  0.0   231026.3 3355520.0 2665040.6 4194304.0  1824886.4  774144.0 378684.0    219  173.915   8     23.868  197.784
        23950.0 419392.0 419392.0 249796.3  0.0   3355520.0 250964.5 4194304.0  1854944.2  774144.0 378733.4    220  174.881   8     23.868  198.750
        23965.0 419392.0 419392.0 249796.3  0.0   3355520.0 1240890.9 4194304.0  1854944.2  774144.0 378734.7    220  174.881   8     23.868  198.750
        23980.0 419392.0 419392.0 249796.3  0.0   3355520.0 2258616.8 4194304.0  1854944.2  774144.0 378746.5    220  174.881   8     23.868  198.750
        23995.0 419392.0 419392.0 249796.3  0.0   3355520.0 3305285.9 4194304.0  1854944.2  774144.0 378751.3    220  174.881   8     23.868  198.750
        24010.0 419392.0 419392.0  0.0   273925.4 3355520.0 806350.5 4194304.0  1895984.3  774144.0 378757.8    221  175.932   8     23.868  199.801
        24025.0 419392.0 419392.0  0.0   273925.4 3355520.0 1448032.7 4194304.0  1895984.3  774144.0 378778.4    221  175.932   8     23.868  199.801
        24040.0 419392.0 419392.0  0.0   273925.4 3355520.0 2084458.8 4194304.0  1895984.3  774144.0 378779.5    221  175.932   8     23.868  199.801
        24055.0 419392.0 419392.0  0.0   273925.4 3355520.0 3030653.0 4194304.0  1895984.3  774144.0 378827.7    221  175.932   8     23.868  199.801
        24070.0 419392.0 419392.0 262357.2  0.0   3355520.0 697611.6 4194304.0  1948530.4  774144.0 378846.6    222  177.049   8     23.868  200.918
        24085.0 419392.0 419392.0 262357.2  0.0   3355520.0 1871621.9 4194304.0  1948530.4  774144.0 378891.5    222  177.049   8     23.868  200.918
        24100.0 419392.0 419392.0 262357.2  0.0   3355520.0 3206731.8 4194304.0  1948530.4  774144.0 378902.9    222  177.049   8     23.868  200.918
        24115.0 419392.0 419392.0  0.0   280373.7 3355520.0 888206.4 4194304.0  1982717.6  774144.0 378916.1    223  178.100   8     23.868  201.968
        24130.0 419392.0 419392.0  0.0   280373.7 3355520.0 1605057.9 4194304.0  1982717.6  774144.0 378935.4    223  178.100   8     23.868  201.968
        24145.0 419392.0 419392.0  0.0   280373.7 3355520.0 2587852.6 4194304.0  1982717.6  774144.0 378940.4    223  178.100   8     23.868  201.968
        24160.0 419392.0 419392.0  0.0   280373.7 3355520.0 3061155.8 4194304.0  1982717.6  774144.0 378982.8    223  178.100   8     23.868  201.968
        24175.0 419392.0 419392.0 273594.6  0.0   3355520.0 296022.5 4194304.0  2026626.2  774144.0 378998.2    224  179.043   8     23.868  202.912
        24190.0 419392.0 419392.0 273594.6  0.0   3355520.0 794258.6 4194304.0  2026626.2  774144.0 379205.6    224  179.043   8     23.868  202.912
        24205.0 419392.0 419392.0 273594.6  0.0   3355520.0 1703443.8 4194304.0  2026626.2  774144.0 379211.3    224  179.043   8     23.868  202.912
        24220.0 419392.0 419392.0 273594.6  0.0   3355520.0 2387116.7 4194304.0  2026626.2  774144.0 379385.5    224  179.043   8     23.868  202.912
        24235.1 419392.0 419392.0 273594.6  0.0   3355520.0 3013501.6 4194304.0  2026626.2  774144.0 379396.7    224  179.043   8     23.868  202.912
        24250.1 419392.0 419392.0  0.0   266271.4 3355520.0 510156.3 4194304.0  2074756.3  774144.0 379400.0    225  179.931   8     23.868  203.800
        24265.1 419392.0 419392.0  0.0   266271.4 3355520.0 1010886.0 4194304.0  2074756.3  774144.0 379404.0    225  179.931   8     23.868  203.800
        24280.1 419392.0 419392.0  0.0   266271.4 3355520.0 1478310.7 4194304.0  2074756.3  774144.0 379418.7    225  179.931   8     23.868  203.800
        24295.1 419392.0 419392.0  0.0   266271.4 3355520.0 1829504.3 4194304.0  2074756.3  774144.0 379421.1    225  179.931   8     23.868  203.800
        24310.1 419392.0 419392.0  0.0   266271.4 3355520.0 2355280.9 4194304.0  2074756.3  774144.0 379421.7    225  179.931   8     23.868  203.800
        24325.1 419392.0 419392.0  0.0   266271.4 3355520.0 3208973.2 4194304.0  2074756.3  774144.0 379426.7    225  179.931   8     23.868  203.800
        24340.1 419392.0 419392.0 250946.3  0.0   3355520.0 904352.2 4194304.0  2126119.2  774144.0 379438.5    226  180.696   8     23.868  204.564
        24355.1 419392.0 419392.0 250946.3  0.0   3355520.0 1706492.3 4194304.0  2126119.2  774144.0 379439.0    226  180.696   8     23.868  204.564
        24370.1 419392.0 419392.0 250946.3  0.0   3355520.0 2149923.0 4194304.0  2126119.2  774144.0 379439.0    226  180.696   8     23.868  204.564
        24385.1 419392.0 419392.0 250946.3  0.0   3355520.0 2876523.9 4194304.0  2126119.2  774144.0 379578.6    226  180.696   8     23.868  204.564
        24400.1 419392.0 419392.0 250946.3  0.0   3355520.0 3340554.2 4194304.0  2126119.2  774144.0 379585.9    226  180.696   8     23.868  204.564
        24415.1 419392.0 419392.0  0.0   262816.5 3355520.0 1231383.9 4194304.0  2178757.9  774144.0 379601.0    227  181.513   8     23.868  205.382
        24430.1 419392.0 419392.0  0.0   262816.5 3355520.0 2173165.8 4194304.0  2178757.9  774144.0 379613.7    227  181.513   8     23.868  205.382
        24445.1 419392.0 419392.0  0.0   262816.5 3355520.0 2812539.4 4194304.0  2178757.9  774144.0 379659.9    227  181.513   8     23.868  205.382
        24460.1 419392.0 419392.0  0.0   262816.5 3355520.0 3256396.9 4194304.0  2178757.9  774144.0 379728.1    227  181.513   8     23.868  205.382
        24475.1 419392.0 419392.0 278931.4  0.0   3355520.0 420191.4 4194304.0  2231142.3  774144.0 379729.7    228  182.358   8     23.868  206.226
        24490.1 419392.0 419392.0 278931.4  0.0   3355520.0 992837.2 4194304.0  2231142.3  774144.0 379738.2    228  182.358   8     23.868  206.226
        24505.2 419392.0 419392.0 278931.4  0.0   3355520.0 1612532.0 4194304.0  2231142.3  774144.0 379763.0    228  182.358   8     23.868  206.226
        24520.2 419392.0 419392.0 278931.4  0.0   3355520.0 2453418.2 4194304.0  2231142.3  774144.0 379763.9    228  182.358   8     23.868  206.226
        24535.2 419392.0 419392.0  0.0   281328.8 3355520.0 183920.0 4194304.0  2260191.8  774144.0 379875.0    229  183.229   8     23.868  207.097
        24550.2 419392.0 419392.0  0.0   281328.8 3355520.0 1327120.8 4194304.0  2260191.8  774144.0 379880.5    229  183.229   8     23.868  207.097
        24565.2 419392.0 419392.0  0.0   281328.8 3355520.0 2200420.5 4194304.0  2260191.8  774144.0 379891.2    229  183.229   8     23.868  207.097
        24580.2 419392.0 419392.0  0.0   281328.8 3355520.0 2893986.3 4194304.0  2260191.8  774144.0 379963.3    229  183.229   8     23.868  207.097
        24595.2 419392.0 419392.0 282951.4  0.0   3355520.0 150718.5 4194304.0  2305582.3  774144.0 379983.5    230  184.125   8     23.868  207.993
        24610.2 419392.0 419392.0 282951.4  0.0   3355520.0 1065678.5 4194304.0  2305582.3  774144.0 379986.8    230  184.125   8     23.868  207.993
        24625.2 419392.0 419392.0 282951.4  0.0   3355520.0 1664453.1 4194304.0  2305582.3  774144.0 379994.6    230  184.125   8     23.868  207.993
        24640.2 419392.0 419392.0 282951.4  0.0   3355520.0 2873297.2 4194304.0  2305582.3  774144.0 379995.2    230  184.125   8     23.868  207.993
        24655.2 419392.0 419392.0  0.0   259103.1 3355520.0 168108.4 4194304.0  2360833.9  774144.0 379995.4    231  184.914   8     23.868  208.783
        24670.2 419392.0 419392.0  0.0   259103.1 3355520.0 870905.0 4194304.0  2360833.9  774144.0 379996.4    231  184.914   8     23.868  208.783
        24685.2 419392.0 419392.0  0.0   259103.1 3355520.0 1465535.6 4194304.0  2360833.9  774144.0 379998.0    231  184.914   8     23.868  208.783
        24700.2 419392.0 419392.0  0.0   259103.1 3355520.0 1847908.9 4194304.0  2360833.9  774144.0 380181.1    231  184.914   8     23.868  208.783
        24715.2 419392.0 419392.0  0.0   259103.1 3355520.0 2250767.1 4194304.0  2360833.9  774144.0 380182.7    231  184.914   8     23.868  208.783
        24730.2 419392.0 419392.0  0.0   259103.1 3355520.0 2566023.2 4194304.0  2360833.9  774144.0 380188.2    231  184.914   8     23.868  208.783
        24745.2 419392.0 419392.0  0.0   259103.1 3355520.0 3088836.0 4194304.0  2360833.9  774144.0 380195.5    231  184.914   8     23.868  208.783
        24760.2 419392.0 419392.0  0.0   259103.1 3355520.0 3338217.0 4194304.0  2360833.9  774144.0 380200.7    231  184.914   8     23.868  208.783
        24775.2 419392.0 419392.0 241303.9  0.0   3355520.0 481455.6 4194304.0  2417685.7  774144.0 380206.8    232  185.651   8     23.868  209.520
        24790.2 419392.0 419392.0 241303.9  0.0   3355520.0 1107119.6 4194304.0  2417685.7  774144.0 380224.3    232  185.651   8     23.868  209.520
        24805.2 419392.0 419392.0 241303.9  0.0   3355520.0 1431354.9 4194304.0  2417685.7  774144.0 380227.6    232  185.651   8     23.868  209.520
        24820.2 419392.0 419392.0 241303.9  0.0   3355520.0 2031451.0 4194304.0  2417685.7  774144.0 380227.9    232  185.651   8     23.868  209.520
        24835.2 419392.0 419392.0 241303.9  0.0   3355520.0 2779048.2 4194304.0  2417685.7  774144.0 380228.8    232  185.651   8     23.868  209.520
        24850.2 419392.0 419392.0  0.0   251908.5 3355520.0 202435.7 4194304.0  2456815.4  774144.0 380264.9    233  186.396   8     23.868  210.265
        24865.2 419392.0 419392.0  0.0   251908.5 3355520.0 747726.0 4194304.0  2456815.4  774144.0 380269.6    233  186.396   8     23.868  210.265
        24880.2 419392.0 419392.0  0.0   251908.5 3355520.0 1380511.1 4194304.0  2456815.4  774144.0 380271.7    233  186.396   8     23.868  210.265
        24895.2 419392.0 419392.0  0.0   251908.5 3355520.0 1811051.0 4194304.0  2456815.4  774144.0 380273.0    233  186.396   8     23.868  210.265
        24910.2 419392.0 419392.0  0.0   251908.5 3355520.0 2493012.1 4194304.0  2456815.4  774144.0 380278.4    233  186.396   8     23.868  210.265
        24925.3 419392.0 419392.0 241745.6  0.0   3355520.0 229033.6 4194304.0  2509807.7  774144.0 380292.4    234  187.117   8     23.868  210.986
        24940.3 419392.0 419392.0 241745.6  0.0   3355520.0 1263222.2 4194304.0  2509807.7  774144.0 380299.5    234  187.117   8     23.868  210.986
        24955.3 419392.0 419392.0 241745.6  0.0   3355520.0 1835740.5 4194304.0  2509807.7  774144.0 380320.9    234  187.117   8     23.868  210.986
        24970.3 419392.0 419392.0 241745.6  0.0   3355520.0 2389366.3 4194304.0  2509807.7  774144.0 380327.0    234  187.117   8     23.868  210.986
        24985.3 419392.0 419392.0 241745.6  0.0   3355520.0 2836833.7 4194304.0  2509807.7  774144.0 380356.0    234  187.117   8     23.868  210.986
        25000.3 419392.0 419392.0  0.0   254315.3 3355520.0 135282.4 4194304.0  2549026.2  774144.0 380366.8    235  187.821   9     25.893  213.714
        25015.3 419392.0 419392.0  0.0   254315.3 3355520.0 566164.8 4194304.0  2549026.2  774144.0 380395.3    235  187.821  10     25.893  213.714
        25030.3 419392.0 419392.0  0.0   254315.3 3355520.0 1035027.6 4194304.0  1460223.8  774144.0 380404.5    235  187.821  10     30.737  218.558
        25045.3 419392.0 419392.0  0.0   254315.3 3355520.0 1466956.0 4194304.0   997688.3  774144.0 379957.7    235  187.821  10     30.737  218.558
        25060.3 419392.0 419392.0  0.0   254315.3 3355520.0 2088740.4 4194304.0   997688.3  774144.0 380003.8    235  187.821  10     30.737  218.558
        25075.3 419392.0 419392.0  0.0   254315.3 3355520.0 2454230.4 4194304.0   997688.3  774144.0 380008.9    235  187.821  10     30.737  218.558
        25090.3 419392.0 419392.0  0.0   254315.3 3355520.0 2952228.4 4194304.0   997688.3  774144.0 380035.0    235  187.821  10     30.737  218.558
        25105.3 419392.0 419392.0 241066.4  0.0   3355520.0 1033638.8 4194304.0  1052340.3  774144.0 380042.5    236  188.611  10     30.737  219.348
        25120.3 419392.0 419392.0 241066.4  0.0   3355520.0 1993958.7 4194304.0  1052340.3  774144.0 380042.9    236  188.611  10     30.737  219.348
        25135.3 419392.0 419392.0 241066.4  0.0   3355520.0 3195336.5 4194304.0  1052340.3  774144.0 380056.5    236  188.611  10     30.737  219.348
        25150.3 419392.0 419392.0  0.0   247823.7 3355520.0 306351.4 4194304.0  1090826.9  774144.0 380061.6    237  189.492  10     30.737  220.229
        25165.3 419392.0 419392.0  0.0   247823.7 3355520.0 1046222.0 4194304.0  1090826.9  774144.0 380120.8    237  189.492  10     30.737  220.229
        25180.3 419392.0 419392.0  0.0   247823.7 3355520.0 1899465.0 4194304.0  1090826.9  774144.0 380126.4    237  189.492  10     30.737  220.229
        25195.3 419392.0 419392.0  0.0   247823.7 3355520.0 2427347.6 4194304.0  1090826.9  774144.0 380126.8    237  189.492  10     30.737  220.229
        25210.3 419392.0 419392.0  0.0   247823.7 3355520.0 3265621.4 4194304.0  1090826.9  774144.0 380207.3    237  189.492  10     30.737  220.229
        25225.3 419392.0 419392.0 261710.3  0.0   3355520.0 527452.9 4194304.0  1125927.0  774144.0 380209.9    238  190.495  10     30.737  221.232
        25240.3 419392.0 419392.0 261710.3  0.0   3355520.0 1091678.5 4194304.0  1125927.0  774144.0 380214.0    238  190.495  10     30.737  221.232
        25255.3 419392.0 419392.0 261710.3  0.0   3355520.0 1496956.3 4194304.0  1125927.0  774144.0 380218.1    238  190.495  10     30.737  221.232
        25270.3 419392.0 419392.0 261710.3  0.0   3355520.0 2318266.3 4194304.0  1125927.0  774144.0 380436.4    238  190.495  10     30.737  221.232
        25285.3 419392.0 419392.0 261710.3  0.0   3355520.0 3065462.0 4194304.0  1125927.0  774144.0 380457.6    238  190.495  10     30.737  221.232
        25300.3 419392.0 419392.0  0.0   256779.5 3355520.0 231258.5 4194304.0  1171841.7  774144.0 380465.2    239  191.408  10     30.737  222.145
        25315.3 419392.0 419392.0  0.0   256779.5 3355520.0 663904.5 4194304.0  1171841.7  774144.0 380466.6    239  191.408  10     30.737  222.145
        25330.3 419392.0 419392.0  0.0   256779.5 3355520.0 1120284.9 4194304.0  1171841.7  774144.0 380528.7    239  191.408  10     30.737  222.145
        25345.3 419392.0 419392.0  0.0   256779.5 3355520.0 1545107.4 4194304.0  1171841.7  774144.0 380550.2    239  191.408  10     30.737  222.145
        25360.3 419392.0 419392.0  0.0   256779.5 3355520.0 1665737.5 4194304.0  1171841.7  774144.0 380550.3    239  191.408  10     30.737  222.145
        25375.3 419392.0 419392.0  0.0   256779.5 3355520.0 2068896.7 4194304.0  1171841.7  774144.0 380606.1    239  191.408  10     30.737  222.145
        25390.4 419392.0 419392.0  0.0   256779.5 3355520.0 2664549.0 4194304.0  1171841.7  774144.0 380629.2    239  191.408  10     30.737  222.145
        25405.4 419392.0 419392.0  0.0   256779.5 3355520.0 3355470.8 4194304.0  1171841.7  774144.0 380649.3    239  191.408  10     30.737  222.145
        25420.4 419392.0 419392.0 241198.3  0.0   3355520.0 937605.7 4194304.0  1210008.8  774144.0 380671.4    240  192.235  10     30.737  222.972
        25435.4 419392.0 419392.0 241198.3  0.0   3355520.0 1741458.4 4194304.0  1210008.8  774144.0 380676.9    240  192.235  10     30.737  222.972
        25450.4 419392.0 419392.0 241198.3  0.0   3355520.0 2573307.8 4194304.0  1210008.8  774144.0 380697.6    240  192.235  10     30.737  222.972
        25465.4 419392.0 419392.0  0.0   236485.8 3355520.0 370791.2 4194304.0  1254810.0  774144.0 380707.4    241  193.104  10     30.737  223.841
        25480.4 419392.0 419392.0  0.0   236485.8 3355520.0 1137726.0 4194304.0  1254810.0  774144.0 380734.7    241  193.104  10     30.737  223.841
        25495.4 419392.0 419392.0  0.0   236485.8 3355520.0 2162401.0 4194304.0  1254810.0  774144.0 380739.2    241  193.104  10     30.737  223.841
        25510.4 419392.0 419392.0  0.0   236485.8 3355520.0 3121910.9 4194304.0  1254810.0  774144.0 380745.1    241  193.104  10     30.737  223.841
        25525.4 419392.0 419392.0 274044.0  0.0   3355520.0 949338.0 4194304.0  1289693.6  774144.0 380760.6    242  194.178  10     30.737  224.916
        25540.4 419392.0 419392.0 274044.0  0.0   3355520.0 1842822.6 4194304.0  1289693.6  774144.0 380777.9    242  194.178  10     30.737  224.916
        25555.4 419392.0 419392.0 274044.0  0.0   3355520.0 2540583.5 4194304.0  1289693.6  774144.0 380778.8    242  194.178  10     30.737  224.916
        25570.4 419392.0 419392.0 274044.0  0.0   3355520.0 3308271.0 4194304.0  1289693.6  774144.0 380789.4    242  194.178  10     30.737  224.916
        25585.4 419392.0 419392.0  0.0   292244.6 3355520.0 867116.3 4194304.0  1341158.6  774144.0 380790.3    243  195.169  10     30.737  225.906
        25600.4 419392.0 419392.0  0.0   292244.6 3355520.0 1260181.7 4194304.0  1341158.6  774144.0 380828.6    243  195.169  10     30.737  225.906
        25615.4 419392.0 419392.0  0.0   292244.6 3355520.0 1855215.8 4194304.0  1341158.6  774144.0 380841.6    243  195.169  10     30.737  225.906
        25630.4 419392.0 419392.0  0.0   292244.6 3355520.0 2571053.6 4194304.0  1341158.6  774144.0 380890.0    243  195.169  10     30.737  225.906
        25645.4 419392.0 419392.0 287987.2  0.0   3355520.0 49486.2  4194304.0  1390178.0  774144.0 380894.7    244  196.063  10     30.737  226.800
        25660.4 419392.0 419392.0 287987.2  0.0   3355520.0 943340.7 4194304.0  1390178.0  774144.0 380895.8    244  196.063  10     30.737  226.800
        25675.4 419392.0 419392.0 287987.2  0.0   3355520.0 1656357.4 4194304.0  1390178.0  774144.0 380896.4    244  196.063  10     30.737  226.800
        25690.4 419392.0 419392.0 287987.2  0.0   3355520.0 1994683.5 4194304.0  1390178.0  774144.0 380896.9    244  196.063  10     30.737  226.800
        25705.4 419392.0 419392.0 287987.2  0.0   3355520.0 2856758.6 4194304.0  1390178.0  774144.0 380897.4    244  196.063  10     30.737  226.800
        25720.4 419392.0 419392.0  0.0   283512.2 3355520.0 98943.1  4194304.0  1438844.7  774144.0 380897.7    245  196.863  10     30.737  227.600
        25735.4 419392.0 419392.0  0.0   283512.2 3355520.0 841142.8 4194304.0  1438844.7  774144.0 380901.3    245  196.863  10     30.737  227.600
        25750.4 419392.0 419392.0  0.0   283512.2 3355520.0 1921110.5 4194304.0  1438844.7  774144.0 380905.0    245  196.863  10     30.737  227.600
        25765.4 419392.0 419392.0  0.0   283512.2 3355520.0 2637623.6 4194304.0  1438844.7  774144.0 380945.9    245  196.863  10     30.737  227.600
        25780.4 419392.0 419392.0 271848.3  0.0   3355520.0 95671.2  4194304.0  1486526.1  774144.0 380949.9    246  197.673  10     30.737  228.410
        25795.4 419392.0 419392.0 271848.3  0.0   3355520.0 740435.0 4194304.0  1486526.1  774144.0 380961.3    246  197.673  10     30.737  228.410
        25810.4 419392.0 419392.0 271848.3  0.0   3355520.0 1162324.4 4194304.0  1486526.1  774144.0 380976.5    246  197.673  10     30.737  228.410
        25825.4 419392.0 419392.0 271848.3  0.0   3355520.0 1359961.8 4194304.0  1486526.1  774144.0 380976.5    246  197.673  10     30.737  228.410
        25840.4 419392.0 419392.0 271848.3  0.0   3355520.0 2047753.5 4194304.0  1486526.1  774144.0 381099.1    246  197.673  10     30.737  228.410
        25855.5 419392.0 419392.0 271848.3  0.0   3355520.0 2743002.7 4194304.0  1486526.1  774144.0 381118.9    246  197.673  10     30.737  228.410
        25870.5 419392.0 419392.0 271848.3  0.0   3355520.0 3162486.3 4194304.0  1486526.1  774144.0 381121.4    246  197.673  10     30.737  228.410
        25885.5 419392.0 419392.0  0.0   262867.1 3355520.0 377708.8 4194304.0  1540484.0  774144.0 381124.4    247  198.491  10     30.737  229.228
        25900.5 419392.0 419392.0  0.0   262867.1 3355520.0 729079.9 4194304.0  1540484.0  774144.0 381126.5    247  198.491  10     30.737  229.228
        25915.5 419392.0 419392.0  0.0   262867.1 3355520.0 1363697.7 4194304.0  1540484.0  774144.0 381142.8    247  198.491  10     30.737  229.228
        25930.5 419392.0 419392.0  0.0   262867.1 3355520.0 2212613.9 4194304.0  1540484.0  774144.0 381152.6    247  198.491  10     30.737  229.228
        25945.5 419392.0 419392.0  0.0   262867.1 3355520.0 2794286.4 4194304.0  1540484.0  774144.0 381160.8    247  198.491  10     30.737  229.228
        25960.5 419392.0 419392.0 248335.8  0.0   3355520.0 700934.0 4194304.0  1586877.4  774144.0 381166.1    248  199.242  10     30.737  229.979
        25975.5 419392.0 419392.0 248335.8  0.0   3355520.0 1639535.9 4194304.0  1586877.4  774144.0 381217.7    248  199.242  10     30.737  229.979
        25990.5 419392.0 419392.0 248335.8  0.0   3355520.0 2748893.6 4194304.0  1586877.4  774144.0 381244.2    248  199.242  10     30.737  229.979
        26005.5 419392.0 419392.0 248335.8  0.0   3355520.0 3144610.2 4194304.0  1586877.4  774144.0 381247.2    248  199.242  10     30.737  229.979
        26020.5 419392.0 419392.0  0.0   254886.0 3355520.0 613675.8 4194304.0  1647114.6  774144.0 381247.7    249  200.099  10     30.737  230.837
        26035.5 419392.0 419392.0  0.0   254886.0 3355520.0 1257023.3 4194304.0  1647114.6  774144.0 381248.3    249  200.099  10     30.737  230.837
        26050.5 419392.0 419392.0  0.0   254886.0 3355520.0 1913980.1 4194304.0  1647114.6  774144.0 381249.3    249  200.099  10     30.737  230.837
        26065.5 419392.0 419392.0  0.0   254886.0 3355520.0 2701624.2 4194304.0  1647114.6  774144.0 381249.7    249  200.099  10     30.737  230.837
        26080.5 419392.0 419392.0 144018.4 254886.0 3355520.0 3355520.0 4194304.0  1693669.6  774144.0 381262.4    250  200.099  10     30.737  230.837
        26095.5 419392.0 419392.0 262384.0  0.0   3355520.0 283849.6 4194304.0  1692293.1  774144.0 381262.7    250  200.967  10     30.737  231.704
        26110.5 419392.0 419392.0 262384.0  0.0   3355520.0 578721.5 4194304.0  1692293.1  774144.0 381302.7    250  200.967  10     30.737  231.704
        26125.5 419392.0 419392.0 262384.0  0.0   3355520.0 813855.4 4194304.0  1692293.1  774144.0 381302.8    250  200.967  10     30.737  231.704
        26140.5 419392.0 419392.0 262384.0  0.0   3355520.0 1464827.1 4194304.0  1692293.1  774144.0 381308.4    250  200.967  10     30.737  231.704
        26155.5 419392.0 419392.0 262384.0  0.0   3355520.0 2093376.2 4194304.0  1692293.1  774144.0 381318.6    250  200.967  10     30.737  231.704
        26170.5 419392.0 419392.0 262384.0  0.0   3355520.0 2667652.4 4194304.0  1692293.1  774144.0 381336.6    250  200.967  10     30.737  231.704
        26185.5 419392.0 419392.0  0.0   250143.4 3355520.0 333692.3 4194304.0  1742125.4  774144.0 381341.7    251  201.776  10     30.737  232.513
        26200.5 419392.0 419392.0  0.0   250143.4 3355520.0 1308511.7 4194304.0  1742125.4  774144.0 381343.2    251  201.776  10     30.737  232.513
        26215.5 419392.0 419392.0  0.0   250143.4 3355520.0 1834848.2 4194304.0  1742125.4  774144.0 381401.0    251  201.776  10     30.737  232.513
        26230.5 419392.0 419392.0  0.0   250143.4 3355520.0 2236515.2 4194304.0  1742125.4  774144.0 381405.2    251  201.776  10     30.737  232.513
        26245.5 419392.0 419392.0  0.0   250143.4 3355520.0 2854792.6 4194304.0  1742125.4  774144.0 381414.9    251  201.776  10     30.737  232.513
        26260.6 419392.0 419392.0  0.0   250143.4 3355520.0 3336358.5 4194304.0  1742125.4  774144.0 381415.8    251  201.776  10     30.737  232.513
        26275.6 419392.0 419392.0 249012.4  0.0   3355520.0 671631.9 4194304.0  1777404.0  774144.0 381435.8    252  202.541  10     30.737  233.278
        26290.6 419392.0 419392.0 249012.4  0.0   3355520.0 1768182.3 4194304.0  1777404.0  774144.0 381450.7    252  202.541  10     30.737  233.278
        26305.6 419392.0 419392.0 249012.4  0.0   3355520.0 2581183.4 4194304.0  1777404.0  774144.0 381465.5    252  202.541  10     30.737  233.278
        26320.6 419392.0 419392.0  0.0   244183.1 3355520.0 306554.3 4194304.0  1827322.7  774144.0 381469.4    253  203.347  10     30.737  234.085
        26335.6 419392.0 419392.0  0.0   244183.1 3355520.0 1117617.5 4194304.0  1827322.7  774144.0 381471.3    253  203.347  10     30.737  234.085
        26350.6 419392.0 419392.0  0.0   244183.1 3355520.0 1821744.5 4194304.0  1827322.7  774144.0 381475.0    253  203.347  10     30.737  234.085
        26365.6 419392.0 419392.0  0.0   244183.1 3355520.0 2505301.3 4194304.0  1827322.7  774144.0 381475.4    253  203.347  10     30.737  234.085
        26380.6 419392.0 419392.0 21930.4 244183.1 3355520.0 3355520.0 4194304.0  1848352.4  774144.0 381501.3    254  203.347  10     30.737  234.085
        26395.6 419392.0 419392.0 254513.3  0.0   3355520.0 682386.3 4194304.0  1873474.4  774144.0 381514.3    254  204.191  10     30.737  234.928
        26410.6 419392.0 419392.0 254513.3  0.0   3355520.0 1193889.5 4194304.0  1873474.4  774144.0 381515.1    254  204.191  10     30.737  234.928
        26425.6 419392.0 419392.0 254513.3  0.0   3355520.0 1742493.3 4194304.0  1873474.4  774144.0 381622.9    254  204.191  10     30.737  234.928
        26440.6 419392.0 419392.0 254513.3  0.0   3355520.0 2251502.2 4194304.0  1873474.4  774144.0 381658.9    254  204.191  10     30.737  234.928
        26455.6 419392.0 419392.0 254513.3  0.0   3355520.0 2762218.7 4194304.0  1873474.4  774144.0 381666.0    254  204.191  10     30.737  234.928
        26470.6 419392.0 419392.0  0.0   255621.3 3355520.0 155291.8 4194304.0  1913372.8  774144.0 382411.8    255  205.088  10     30.737  235.825
        26485.6 419392.0 419392.0  0.0   255621.3 3355520.0 538315.4 4194304.0  1913372.8  774144.0 382503.8    255  205.088  10     30.737  235.825
        26500.6 419392.0 419392.0  0.0   255621.3 3355520.0 1138584.2 4194304.0  1913372.8  774144.0 382531.5    255  205.088  10     30.737  235.825
        26515.6 419392.0 419392.0  0.0   255621.3 3355520.0 1958894.5 4194304.0  1913372.8  774144.0 382542.3    255  205.088  10     30.737  235.825
        26530.6 419392.0 419392.0  0.0   255621.3 3355520.0 2641495.8 4194304.0  1913372.8  774144.0 382542.8    255  205.088  10     30.737  235.825
        26545.6 419392.0 419392.0  0.0   255621.3 3355520.0 2997089.7 4194304.0  1913372.8  774144.0 382548.6    255  205.088  10     30.737  235.825
        26560.6 419392.0 419392.0 250367.4  0.0   3355520.0 86705.9  4194304.0  1944214.2  774144.0 382549.5    256  205.886  10     30.737  236.624
        26575.6 419392.0 419392.0 250367.4  0.0   3355520.0 778567.3 4194304.0  1944214.2  774144.0 382555.5    256  205.886  10     30.737  236.624
        26590.6 419392.0 419392.0 250367.4  0.0   3355520.0 1675680.9 4194304.0  1944214.2  774144.0 382556.7    256  205.886  10     30.737  236.624
        26605.6 419392.0 419392.0 250367.4  0.0   3355520.0 2336744.6 4194304.0  1944214.2  774144.0 382557.8    256  205.886  10     30.737  236.624
        26620.6 419392.0 419392.0 250367.4 243117.4 3355520.0 3355520.0 4194304.0  1990553.3  774144.0 382559.9    257  205.886  10     30.737  236.624
        26635.6 419392.0 419392.0  0.0   246772.9 3355520.0 699022.1 4194304.0  1990553.3  774144.0 382560.9    257  206.721  10     30.737  237.458
        26650.6 419392.0 419392.0  0.0   246772.9 3355520.0 1601790.0 4194304.0  1990553.3  774144.0 382562.8    257  206.721  10     30.737  237.458
        26665.6 419392.0 419392.0  0.0   246772.9 3355520.0 2190512.7 4194304.0  1990553.3  774144.0 382566.0    257  206.721  10     30.737  237.458
        26680.6 419392.0 419392.0  0.0   246772.9 3355520.0 3129837.7 4194304.0  1990553.3  774144.0 382582.3    257  206.721  10     30.737  237.458
        26695.6 419392.0 419392.0 244868.5  0.0   3355520.0 690179.6 4194304.0  2037886.2  774144.0 382583.2    258  207.572  10     30.737  238.309
        26710.6 419392.0 419392.0 244868.5  0.0   3355520.0 1158341.8 4194304.0  2037886.2  774144.0 382589.5    258  207.572  10     30.737  238.309
        26725.6 419392.0 419392.0 244868.5  0.0   3355520.0 2213799.1 4194304.0  2037886.2  774144.0 382594.6    258  207.572  10     30.737  238.309
        26740.6 419392.0 419392.0 244868.5  0.0   3355520.0 2681795.1 4194304.0  2037886.2  774144.0 382595.1    258  207.572  10     30.737  238.309
        26755.6 419392.0 419392.0 244868.5  0.0   3355520.0 3210127.0 4194304.0  2037886.2  774144.0 382614.5    258  207.572  10     30.737  238.309
        26770.7 419392.0 419392.0  0.0   253780.2 3355520.0 873826.9 4194304.0  2086090.3  774144.0 382669.5    259  208.425  10     30.737  239.162
        26785.7 419392.0 419392.0  0.0   253780.2 3355520.0 2110827.4 4194304.0  2086090.3  774144.0 382731.6    259  208.425  10     30.737  239.162
        26800.7 419392.0 419392.0  0.0   253780.2 3355520.0 2893118.6 4194304.0  2086090.3  774144.0 382758.6    259  208.425  10     30.737  239.162
        26815.7 419392.0 419392.0 260479.7  0.0   3355520.0 326672.9 4194304.0  2133824.2  774144.0 382768.6    260  209.373  10     30.737  240.110
        26830.7 419392.0 419392.0 260479.7  0.0   3355520.0 1182400.3 4194304.0  2133824.2  774144.0 382776.9    260  209.373  10     30.737  240.110
        26845.7 419392.0 419392.0 260479.7  0.0   3355520.0 1883837.2 4194304.0  2133824.2  774144.0 382779.3    260  209.373  10     30.737  240.110
        26860.7 419392.0 419392.0 260479.7  0.0   3355520.0 2634411.5 4194304.0  2133824.2  774144.0 382780.2    260  209.373  10     30.737  240.110
        26875.7 419392.0 419392.0  0.0   261524.2 3355520.0 138127.8 4194304.0  2180459.4  774144.0 382781.0    261  210.333  10     30.737  241.071
        26890.7 419392.0 419392.0  0.0   261524.2 3355520.0 1028813.1 4194304.0  2180459.4  774144.0 382791.5    261  210.333  10     30.737  241.071
        26905.7 419392.0 419392.0  0.0   261524.2 3355520.0 1512512.3 4194304.0  2180459.4  774144.0 382828.5    261  210.333  10     30.737  241.071
